Archive member included to satisfy reference by file (symbol)

c:/programs/stm32cubeide/stm32cubeide/plugins/com.st.stm32cube.ide.mcu.externaltools.gnu-tools-for-stm32.10.3-2021.10.win32_1.0.0.202111181127/tools/bin/../lib/gcc/arm-none-eabi/10.3.1/../../../../arm-none-eabi/lib/thumb/v7e-m+fp/hard\libc_nano.a(lib_a-errno.o)
                              ./Core/Src/syscalls.o (__errno)
c:/programs/stm32cubeide/stm32cubeide/plugins/com.st.stm32cube.ide.mcu.externaltools.gnu-tools-for-stm32.10.3-2021.10.win32_1.0.0.202111181127/tools/bin/../lib/gcc/arm-none-eabi/10.3.1/../../../../arm-none-eabi/lib/thumb/v7e-m+fp/hard\libc_nano.a(lib_a-exit.o)
                              c:/programs/stm32cubeide/stm32cubeide/plugins/com.st.stm32cube.ide.mcu.externaltools.gnu-tools-for-stm32.10.3-2021.10.win32_1.0.0.202111181127/tools/bin/../lib/gcc/arm-none-eabi/10.3.1/../../../../arm-none-eabi/lib/thumb/v7e-m+fp/hard/crt0.o (exit)
c:/programs/stm32cubeide/stm32cubeide/plugins/com.st.stm32cube.ide.mcu.externaltools.gnu-tools-for-stm32.10.3-2021.10.win32_1.0.0.202111181127/tools/bin/../lib/gcc/arm-none-eabi/10.3.1/../../../../arm-none-eabi/lib/thumb/v7e-m+fp/hard\libc_nano.a(lib_a-impure.o)
                              c:/programs/stm32cubeide/stm32cubeide/plugins/com.st.stm32cube.ide.mcu.externaltools.gnu-tools-for-stm32.10.3-2021.10.win32_1.0.0.202111181127/tools/bin/../lib/gcc/arm-none-eabi/10.3.1/../../../../arm-none-eabi/lib/thumb/v7e-m+fp/hard\libc_nano.a(lib_a-exit.o) (_global_impure_ptr)
c:/programs/stm32cubeide/stm32cubeide/plugins/com.st.stm32cube.ide.mcu.externaltools.gnu-tools-for-stm32.10.3-2021.10.win32_1.0.0.202111181127/tools/bin/../lib/gcc/arm-none-eabi/10.3.1/../../../../arm-none-eabi/lib/thumb/v7e-m+fp/hard\libc_nano.a(lib_a-init.o)
                              c:/programs/stm32cubeide/stm32cubeide/plugins/com.st.stm32cube.ide.mcu.externaltools.gnu-tools-for-stm32.10.3-2021.10.win32_1.0.0.202111181127/tools/bin/../lib/gcc/arm-none-eabi/10.3.1/../../../../arm-none-eabi/lib/thumb/v7e-m+fp/hard/crt0.o (__libc_init_array)
c:/programs/stm32cubeide/stm32cubeide/plugins/com.st.stm32cube.ide.mcu.externaltools.gnu-tools-for-stm32.10.3-2021.10.win32_1.0.0.202111181127/tools/bin/../lib/gcc/arm-none-eabi/10.3.1/../../../../arm-none-eabi/lib/thumb/v7e-m+fp/hard\libc_nano.a(lib_a-memcpy-stub.o)
                              ./Core/Src/main.o (memcpy)
c:/programs/stm32cubeide/stm32cubeide/plugins/com.st.stm32cube.ide.mcu.externaltools.gnu-tools-for-stm32.10.3-2021.10.win32_1.0.0.202111181127/tools/bin/../lib/gcc/arm-none-eabi/10.3.1/../../../../arm-none-eabi/lib/thumb/v7e-m+fp/hard\libc_nano.a(lib_a-memset.o)
                              c:/programs/stm32cubeide/stm32cubeide/plugins/com.st.stm32cube.ide.mcu.externaltools.gnu-tools-for-stm32.10.3-2021.10.win32_1.0.0.202111181127/tools/bin/../lib/gcc/arm-none-eabi/10.3.1/../../../../arm-none-eabi/lib/thumb/v7e-m+fp/hard/crt0.o (memset)
c:/programs/stm32cubeide/stm32cubeide/plugins/com.st.stm32cube.ide.mcu.externaltools.gnu-tools-for-stm32.10.3-2021.10.win32_1.0.0.202111181127/tools/bin/../lib/gcc/arm-none-eabi/10.3.1/../../../../arm-none-eabi/lib/thumb/v7e-m+fp/hard\libc_nano.a(lib_a-sscanf.o)
                              ./Core/Src/main.o (sscanf)
c:/programs/stm32cubeide/stm32cubeide/plugins/com.st.stm32cube.ide.mcu.externaltools.gnu-tools-for-stm32.10.3-2021.10.win32_1.0.0.202111181127/tools/bin/../lib/gcc/arm-none-eabi/10.3.1/../../../../arm-none-eabi/lib/thumb/v7e-m+fp/hard\libc_nano.a(lib_a-stdio.o)
                              c:/programs/stm32cubeide/stm32cubeide/plugins/com.st.stm32cube.ide.mcu.externaltools.gnu-tools-for-stm32.10.3-2021.10.win32_1.0.0.202111181127/tools/bin/../lib/gcc/arm-none-eabi/10.3.1/../../../../arm-none-eabi/lib/thumb/v7e-m+fp/hard\libc_nano.a(lib_a-sscanf.o) (__seofread)
c:/programs/stm32cubeide/stm32cubeide/plugins/com.st.stm32cube.ide.mcu.externaltools.gnu-tools-for-stm32.10.3-2021.10.win32_1.0.0.202111181127/tools/bin/../lib/gcc/arm-none-eabi/10.3.1/../../../../arm-none-eabi/lib/thumb/v7e-m+fp/hard\libc_nano.a(lib_a-strcmp.o)
                              ./Core/Src/utils.o (strcmp)
c:/programs/stm32cubeide/stm32cubeide/plugins/com.st.stm32cube.ide.mcu.externaltools.gnu-tools-for-stm32.10.3-2021.10.win32_1.0.0.202111181127/tools/bin/../lib/gcc/arm-none-eabi/10.3.1/../../../../arm-none-eabi/lib/thumb/v7e-m+fp/hard\libc_nano.a(lib_a-strlen.o)
                              ./Core/Src/main.o (strlen)
c:/programs/stm32cubeide/stm32cubeide/plugins/com.st.stm32cube.ide.mcu.externaltools.gnu-tools-for-stm32.10.3-2021.10.win32_1.0.0.202111181127/tools/bin/../lib/gcc/arm-none-eabi/10.3.1/../../../../arm-none-eabi/lib/thumb/v7e-m+fp/hard\libc_nano.a(lib_a-strncmp.o)
                              ./Core/Src/utils.o (strncmp)
[...]
Memory Configuration

Name             Origin             Length             Attributes
CCMRAM           0x0000000010000000 0x0000000000010000 xrw
RAM              0x0000000020000000 0x0000000000030000 xrw
FLASH            0x0000000008000000 0x0000000000200000 xr
*default*        0x0000000000000000 0xffffffffffffffff

Linker script and memory map

LOAD c:/programs/stm32cubeide/stm32cubeide/plugins/com.st.stm32cube.ide.mcu.externaltools.gnu-tools-for-stm32.10.3-2021.10.win32_1.0.0.202111181127/tools/bin/../lib/gcc/arm-none-eabi/10.3.1/thumb/v7e-m+fp/hard/crti.o
LOAD c:/programs/stm32cubeide/stm32cubeide/plugins/com.st.stm32cube.ide.mcu.externaltools.gnu-tools-for-stm32.10.3-2021.10.win32_1.0.0.202111181127/tools/bin/../lib/gcc/arm-none-eabi/10.3.1/thumb/v7e-m+fp/hard/crtbegin.o
LOAD c:/programs/stm32cubeide/stm32cubeide/plugins/com.st.stm32cube.ide.mcu.externaltools.gnu-tools-for-stm32.10.3-2021.10.win32_1.0.0.202111181127/tools/bin/../lib/gcc/arm-none-eabi/10.3.1/../../../../arm-none-eabi/lib/thumb/v7e-m+fp/hard/crt0.o
LOAD ./Core/Src/gpio.o
LOAD ./Core/Src/main.o
LOAD ./Core/Src/ring_buffer.o
LOAD ./Core/Src/stm32f4xx_hal_msp.o
LOAD ./Core/Src/stm32f4xx_it.o
LOAD ./Core/Src/syscalls.o
LOAD ./Core/Src/sysmem.o
LOAD ./Core/Src/system_stm32f4xx.o
LOAD ./Core/Src/usart.o
LOAD ./Core/Src/utils.o
LOAD ./Core/Startup/startup_stm32f427vitx.o
LOAD ./Drivers/STM32F4xx_HAL_Driver/Src/stm32f4xx_hal.o
LOAD ./Drivers/STM32F4xx_HAL_Driver/Src/stm32f4xx_hal_cortex.o
LOAD ./Drivers/STM32F4xx_HAL_Driver/Src/stm32f4xx_hal_dma.o
LOAD ./Drivers/STM32F4xx_HAL_Driver/Src/stm32f4xx_hal_dma_ex.o
LOAD ./Drivers/STM32F4xx_HAL_Driver/Src/stm32f4xx_hal_exti.o
LOAD ./Drivers/STM32F4xx_HAL_Driver/Src/stm32f4xx_hal_flash.o
LOAD ./Drivers/STM32F4xx_HAL_Driver/Src/stm32f4xx_hal_flash_ex.o
LOAD ./Drivers/STM32F4xx_HAL_Driver/Src/stm32f4xx_hal_flash_ramfunc.o
LOAD ./Drivers/STM32F4xx_HAL_Driver/Src/stm32f4xx_hal_gpio.o
LOAD ./Drivers/STM32F4xx_HAL_Driver/Src/stm32f4xx_hal_pwr.o
LOAD ./Drivers/STM32F4xx_HAL_Driver/Src/stm32f4xx_hal_pwr_ex.o
LOAD ./Drivers/STM32F4xx_HAL_Driver/Src/stm32f4xx_hal_rcc.o
LOAD ./Drivers/STM32F4xx_HAL_Driver/Src/stm32f4xx_hal_rcc_ex.o
LOAD ./Drivers/STM32F4xx_HAL_Driver/Src/stm32f4xx_hal_tim.o
LOAD ./Drivers/STM32F4xx_HAL_Driver/Src/stm32f4xx_hal_tim_ex.o
LOAD ./Drivers/STM32F4xx_HAL_Driver/Src/stm32f4xx_hal_uart.o
START GROUP
LOAD c:/programs/stm32cubeide/stm32cubeide/plugins/com.st.stm32cube.ide.mcu.externaltools.gnu-tools-for-stm32.10.3-2021.10.win32_1.0.0.202111181127/tools/bin/../lib/gcc/arm-none-eabi/10.3.1/../../../../arm-none-eabi/lib/thumb/v7e-m+fp/hard\libc_nano.a
LOAD c:/programs/stm32cubeide/stm32cubeide/plugins/com.st.stm32cube.ide.mcu.externaltools.gnu-tools-for-stm32.10.3-2021.10.win32_1.0.0.202111181127/tools/bin/../lib/gcc/arm-none-eabi/10.3.1/../../../../arm-none-eabi/lib/thumb/v7e-m+fp/hard\libm.a
END GROUP
START GROUP
LOAD c:/programs/stm32cubeide/stm32cubeide/plugins/com.st.stm32cube.ide.mcu.externaltools.gnu-tools-for-stm32.10.3-2021.10.win32_1.0.0.202111181127/tools/bin/../lib/gcc/arm-none-eabi/10.3.1/thumb/v7e-m+fp/hard\libgcc.a
LOAD c:/programs/stm32cubeide/stm32cubeide/plugins/com.st.stm32cube.ide.mcu.externaltools.gnu-tools-for-stm32.10.3-2021.10.win32_1.0.0.202111181127/tools/bin/../lib/gcc/arm-none-eabi/10.3.1/../../../../arm-none-eabi/lib/thumb/v7e-m+fp/hard\libc_nano.a
END GROUP
START GROUP
LOAD c:/programs/stm32cubeide/stm32cubeide/plugins/com.st.stm32cube.ide.mcu.externaltools.gnu-tools-for-stm32.10.3-2021.10.win32_1.0.0.202111181127/tools/bin/../lib/gcc/arm-none-eabi/10.3.1/thumb/v7e-m+fp/hard\libgcc.a
LOAD c:/programs/stm32cubeide/stm32cubeide/plugins/com.st.stm32cube.ide.mcu.externaltools.gnu-tools-for-stm32.10.3-2021.10.win32_1.0.0.202111181127/tools/bin/../lib/gcc/arm-none-eabi/10.3.1/../../../../arm-none-eabi/lib/thumb/v7e-m+fp/hard\libc_nano.a
LOAD c:/programs/stm32cubeide/stm32cubeide/plugins/com.st.stm32cube.ide.mcu.externaltools.gnu-tools-for-stm32.10.3-2021.10.win32_1.0.0.202111181127/tools/bin/../lib/gcc/arm-none-eabi/10.3.1/../../../../arm-none-eabi/lib/thumb/v7e-m+fp/hard\libnosys.a
END GROUP
START GROUP
LOAD c:/programs/stm32cubeide/stm32cubeide/plugins/com.st.stm32cube.ide.mcu.externaltools.gnu-tools-for-stm32.10.3-2021.10.win32_1.0.0.202111181127/tools/bin/../lib/gcc/arm-none-eabi/10.3.1/thumb/v7e-m+fp/hard\libgcc.a
LOAD c:/programs/stm32cubeide/stm32cubeide/plugins/com.st.stm32cube.ide.mcu.externaltools.gnu-tools-for-stm32.10.3-2021.10.win32_1.0.0.202111181127/tools/bin/../lib/gcc/arm-none-eabi/10.3.1/../../../../arm-none-eabi/lib/thumb/v7e-m+fp/hard\libc_nano.a
LOAD c:/programs/stm32cubeide/stm32cubeide/plugins/com.st.stm32cube.ide.mcu.externaltools.gnu-tools-for-stm32.10.3-2021.10.win32_1.0.0.202111181127/tools/bin/../lib/gcc/arm-none-eabi/10.3.1/../../../../arm-none-eabi/lib/thumb/v7e-m+fp/hard\libnosys.a
END GROUP
LOAD c:/programs/stm32cubeide/stm32cubeide/plugins/com.st.stm32cube.ide.mcu.externaltools.gnu-tools-for-stm32.10.3-2021.10.win32_1.0.0.202111181127/tools/bin/../lib/gcc/arm-none-eabi/10.3.1/thumb/v7e-m+fp/hard/crtend.o
LOAD c:/programs/stm32cubeide/stm32cubeide/plugins/com.st.stm32cube.ide.mcu.externaltools.gnu-tools-for-stm32.10.3-2021.10.win32_1.0.0.202111181127/tools/bin/../lib/gcc/arm-none-eabi/10.3.1/thumb/v7e-m+fp/hard/crtn.o
                0x0000000020030000                _estack = (ORIGIN (RAM) + LENGTH (RAM))
                0x0000000000000200                _Min_Heap_Size = 0x200
                0x0000000000000400                _Min_Stack_Size = 0x400

.isr_vector     0x0000000008000000      0x1ac
                0x0000000008000000                . = ALIGN (0x4)
 *(.isr_vector)
 .isr_vector    0x0000000008000000      0x1ac ./Core/Startup/startup_stm32f427vitx.o
                0x0000000008000000                g_pfnVectors
                0x00000000080001ac                . = ALIGN (0x4)

.text           0x00000000080001b0     0x43fc
                0x00000000080001b0                . = ALIGN (0x4)
 *(.text)
 .text          0x00000000080001b0       0x40 c:/programs/stm32cubeide/stm32cubeide/plugins/com.st.stm32cube.ide.mcu.externaltools.gnu-tools-for-stm32.10.3-2021.10.win32_1.0.0.202111181127/tools/bin/../lib/gcc/arm-none-eabi/10.3.1/thumb/v7e-m+fp/hard/crtbegin.o
 .text          0x00000000080001f0       0x14 c:/programs/stm32cubeide/stm32cubeide/plugins/com.st.stm32cube.ide.mcu.externaltools.gnu-tools-for-stm32.10.3-2021.10.win32_1.0.0.202111181127/tools/bin/../lib/gcc/arm-none-eabi/10.3.1/../../../../arm-none-eabi/lib/thumb/v7e-m+fp/hard\libc_nano.a(lib_a-strcmp.o)
                0x00000000080001f0                strcmp
 .text          0x0000000008000204       0x10 c:/programs/stm32cubeide/stm32cubeide/plugins/com.st.stm32cube.ide.mcu.externaltools.gnu-tools-for-stm32.10.3-2021.10.win32_1.0.0.202111181127/tools/bin/../lib/gcc/arm-none-eabi/10.3.1/../../../../arm-none-eabi/lib/thumb/v7e-m+fp/hard\libc_nano.a(lib_a-strlen.o)
                0x0000000008000204                strlen
 *fill*         0x0000000008000214        0xc 
 .text          0x0000000008000220       0xa0 c:/programs/stm32cubeide/stm32cubeide/plugins/com.st.stm32cube.ide.mcu.externaltools.gnu-tools-for-stm32.10.3-2021.10.win32_1.0.0.202111181127/tools/bin/../lib/gcc/arm-none-eabi/10.3.1/../../../../arm-none-eabi/lib/thumb/v7e-m+fp/hard\libc_nano.a(lib_a-memchr.o)
                0x0000000008000220                memchr
 .text          0x00000000080002c0       0x30 c:/programs/stm32cubeide/stm32cubeide/plugins/com.st.stm32cube.ide.mcu.externaltools.gnu-tools-for-stm32.10.3-2021.10.win32_1.0.0.202111181127/tools/bin/../lib/gcc/arm-none-eabi/10.3.1/thumb/v7e-m+fp/hard\libgcc.a(_aeabi_uldivmod.o)
                0x00000000080002c0                __aeabi_uldivmod
 .text          0x00000000080002f0      0x2d0 c:/programs/stm32cubeide/stm32cubeide/plugins/com.st.stm32cube.ide.mcu.externaltools.gnu-tools-for-stm32.10.3-2021.10.win32_1.0.0.202111181127/tools/bin/../lib/gcc/arm-none-eabi/10.3.1/thumb/v7e-m+fp/hard\libgcc.a(_udivmoddi4.o)
                0x00000000080002f0                __udivmoddi4
 .text          0x00000000080005c0        0x4 c:/programs/stm32cubeide/stm32cubeide/plugins/com.st.stm32cube.ide.mcu.externaltools.gnu-tools-for-stm32.10.3-2021.10.win32_1.0.0.202111181127/tools/bin/../lib/gcc/arm-none-eabi/10.3.1/thumb/v7e-m+fp/hard\libgcc.a(_dvmd_tls.o)
                0x00000000080005c0                __aeabi_idiv0
                0x00000000080005c0                __aeabi_ldiv0
 *(.text*)
 .text.MX_GPIO_Init
                0x00000000080005c4       0xe0 ./Core/Src/gpio.o
                0x00000000080005c4                MX_GPIO_Init
 .text.transmit_async
                0x00000000080006a4       0x34 ./Core/Src/main.o
                0x00000000080006a4                transmit_async
 .text.transmit
                0x00000000080006d8       0x28 ./Core/Src/main.o
                0x00000000080006d8                transmit
 .text.print    0x0000000008000700       0x2c ./Core/Src/main.o
                0x0000000008000700                print
 .text.println  0x000000000800072c       0x20 ./Core/Src/main.o
                0x000000000800072c                println
 .text.print_format
                0x000000000800074c       0x34 ./Core/Src/main.o
                0x000000000800074c                print_format
 .text.set_active_mode
                0x0000000008000780       0xa0 ./Core/Src/main.o
                0x0000000008000780                set_active_mode
 .text.handle_set_command
                0x0000000008000820       0x60 ./Core/Src/main.o
                0x0000000008000820                handle_set_command
 .text.handle_new_command
                0x0000000008000880      0x104 ./Core/Src/main.o
                0x0000000008000880                handle_new_command
 .text.handle_new_command_timeout
                0x0000000008000984      0x154 ./Core/Src/main.o
                0x0000000008000984                handle_new_command_timeout
 .text.handle_command_line
                0x0000000008000ad8      0x114 ./Core/Src/main.o
                0x0000000008000ad8                handle_command_line
 .text.receive_char_async
                0x0000000008000bec       0x1c ./Core/Src/main.o
                0x0000000008000bec                receive_char_async
 .text.receive_char
                0x0000000008000c08       0x34 ./Core/Src/main.o
                0x0000000008000c08                receive_char
 .text.delete_char_from_buffer
                0x0000000008000c3c       0x2c ./Core/Src/main.o
                0x0000000008000c3c                delete_char_from_buffer
 .text.clear_buffer
                0x0000000008000c68       0x18 ./Core/Src/main.o
                0x0000000008000c68                clear_buffer
 .text.readln   0x0000000008000c80       0xcc ./Core/Src/main.o
                0x0000000008000c80                readln
 .text.main     0x0000000008000d4c      0x164 ./Core/Src/main.o
                0x0000000008000d4c                main
 .text.SystemClock_Config
                0x0000000008000eb0       0xc0 ./Core/Src/main.o
                0x0000000008000eb0                SystemClock_Config
 .text.Error_Handler
                0x0000000008000f70        0xe ./Core/Src/main.o
                0x0000000008000f70                Error_Handler
 *fill*         0x0000000008000f7e        0x2 
 .text.ring_buffer_init
                0x0000000008000f80       0x2c ./Core/Src/ring_buffer.o
                0x0000000008000f80                ring_buffer_init
 .text.data_available
                0x0000000008000fac       0x30 ./Core/Src/ring_buffer.o
                0x0000000008000fac                data_available
 .text.HAL_MspInit
                0x0000000008000fdc       0x50 ./Core/Src/stm32f4xx_hal_msp.o
                0x0000000008000fdc                HAL_MspInit
 .text.NMI_Handler
                0x000000000800102c        0x6 ./Core/Src/stm32f4xx_it.o
                0x000000000800102c                NMI_Handler
 .text.HardFault_Handler
                0x0000000008001032        0x6 ./Core/Src/stm32f4xx_it.o
                0x0000000008001032                HardFault_Handler
 .text.MemManage_Handler
                0x0000000008001038        0x6 ./Core/Src/stm32f4xx_it.o
                0x0000000008001038                MemManage_Handler
 .text.BusFault_Handler
                0x000000000800103e        0x6 ./Core/Src/stm32f4xx_it.o
                0x000000000800103e                BusFault_Handler
 .text.UsageFault_Handler
                0x0000000008001044        0x6 ./Core/Src/stm32f4xx_it.o
                0x0000000008001044                UsageFault_Handler
 .text.SVC_Handler
                0x000000000800104a        0xe ./Core/Src/stm32f4xx_it.o
                0x000000000800104a                SVC_Handler
 .text.DebugMon_Handler
                0x0000000008001058        0xe ./Core/Src/stm32f4xx_it.o
                0x0000000008001058                DebugMon_Handler
 .text.PendSV_Handler
                0x0000000008001066        0xe ./Core/Src/stm32f4xx_it.o
                0x0000000008001066                PendSV_Handler
 .text.SysTick_Handler
                0x0000000008001074        0xc ./Core/Src/stm32f4xx_it.o
                0x0000000008001074                SysTick_Handler
 .text._sbrk    0x0000000008001080       0x6c ./Core/Src/sysmem.o
                0x0000000008001080                _sbrk
 .text.SystemInit
                0x00000000080010ec       0x24 ./Core/Src/system_stm32f4xx.o
                0x00000000080010ec                SystemInit
 .text.MX_USART6_UART_Init
                0x0000000008001110       0x54 ./Core/Src/usart.o
                0x0000000008001110                MX_USART6_UART_Init
 .text.HAL_UART_MspInit
                0x0000000008001164       0x90 ./Core/Src/usart.o
                0x0000000008001164                HAL_UART_MspInit
 .text.set_green_led
                0x00000000080011f4       0x24 ./Core/Src/utils.o
                0x00000000080011f4                set_green_led
 .text.set_yellow_led
                0x0000000008001218       0x24 ./Core/Src/utils.o
                0x0000000008001218                set_yellow_led
 .text.set_red_led
                0x000000000800123c       0x24 ./Core/Src/utils.o
                0x000000000800123c                set_red_led
 .text.set_no_one_led
                0x0000000008001260       0x3c ./Core/Src/utils.o
                0x0000000008001260                set_no_one_led
 .text.string_equals
                0x000000000800129c       0x26 ./Core/Src/utils.o
                0x000000000800129c                string_equals
 .text.starts_with
                0x00000000080012c2       0x30 ./Core/Src/utils.o
                0x00000000080012c2                starts_with
 *fill*         0x00000000080012f2        0x2 
 .text.is_btn_pressed
                0x00000000080012f4       0x70 ./Core/Src/utils.o
                0x00000000080012f4                is_btn_pressed
 .text.Reset_Handler
                0x0000000008001364       0x50 ./Core/Startup/startup_stm32f427vitx.o
                0x0000000008001364                Reset_Handler
 .text.Default_Handler
                0x00000000080013b4        0x2 ./Core/Startup/startup_stm32f427vitx.o
                0x00000000080013b4                RTC_Alarm_IRQHandler
                0x00000000080013b4                HASH_RNG_IRQHandler
                0x00000000080013b4                EXTI2_IRQHandler
                0x00000000080013b4                TIM8_CC_IRQHandler
                0x00000000080013b4                UART8_IRQHandler
                0x00000000080013b4                SPI4_IRQHandler
                0x00000000080013b4                TIM1_CC_IRQHandler
                0x00000000080013b4                DMA2_Stream5_IRQHandler
                0x00000000080013b4                DMA1_Stream5_IRQHandler
                0x00000000080013b4                PVD_IRQHandler
                0x00000000080013b4                SDIO_IRQHandler
                0x00000000080013b4                TAMP_STAMP_IRQHandler
                0x00000000080013b4                CAN2_RX1_IRQHandler
                0x00000000080013b4                EXTI3_IRQHandler
                0x00000000080013b4                TIM8_TRG_COM_TIM14_IRQHandler
                0x00000000080013b4                TIM1_UP_TIM10_IRQHandler
                0x00000000080013b4                TIM8_UP_TIM13_IRQHandler
                0x00000000080013b4                I2C3_ER_IRQHandler
                0x00000000080013b4                EXTI0_IRQHandler
                0x00000000080013b4                I2C2_EV_IRQHandler
                0x00000000080013b4                DMA1_Stream2_IRQHandler
                0x00000000080013b4                CAN1_RX0_IRQHandler
                0x00000000080013b4                FPU_IRQHandler
                0x00000000080013b4                OTG_HS_WKUP_IRQHandler
                0x00000000080013b4                CAN2_SCE_IRQHandler
                0x00000000080013b4                DMA2_Stream2_IRQHandler
                0x00000000080013b4                SPI1_IRQHandler
                0x00000000080013b4                TIM6_DAC_IRQHandler
                0x00000000080013b4                TIM1_BRK_TIM9_IRQHandler
                0x00000000080013b4                DCMI_IRQHandler
                0x00000000080013b4                CAN2_RX0_IRQHandler
                0x00000000080013b4                DMA2_Stream3_IRQHandler
                0x00000000080013b4                USART6_IRQHandler
                0x00000000080013b4                USART3_IRQHandler
                0x00000000080013b4                CAN1_RX1_IRQHandler
                0x00000000080013b4                UART5_IRQHandler
                0x00000000080013b4                DMA2_Stream0_IRQHandler
                0x00000000080013b4                TIM4_IRQHandler
                0x00000000080013b4                I2C1_EV_IRQHandler
                0x00000000080013b4                DMA1_Stream6_IRQHandler
                0x00000000080013b4                DMA1_Stream1_IRQHandler
                0x00000000080013b4                UART4_IRQHandler
                0x00000000080013b4                TIM3_IRQHandler
                0x00000000080013b4                RCC_IRQHandler
                0x00000000080013b4                TIM8_BRK_TIM12_IRQHandler
                0x00000000080013b4                Default_Handler
                0x00000000080013b4                EXTI15_10_IRQHandler
                0x00000000080013b4                ADC_IRQHandler
                0x00000000080013b4                DMA1_Stream7_IRQHandler
                0x00000000080013b4                SPI5_IRQHandler
                0x00000000080013b4                TIM7_IRQHandler
                0x00000000080013b4                CAN2_TX_IRQHandler
                0x00000000080013b4                TIM5_IRQHandler
                0x00000000080013b4                DMA2_Stream7_IRQHandler
                0x00000000080013b4                I2C3_EV_IRQHandler
                0x00000000080013b4                EXTI9_5_IRQHandler
                0x00000000080013b4                RTC_WKUP_IRQHandler
                0x00000000080013b4                ETH_WKUP_IRQHandler
                0x00000000080013b4                SPI2_IRQHandler
                0x00000000080013b4                OTG_HS_EP1_IN_IRQHandler
                0x00000000080013b4                DMA1_Stream0_IRQHandler
                0x00000000080013b4                CAN1_TX_IRQHandler
                0x00000000080013b4                EXTI4_IRQHandler
                0x00000000080013b4                ETH_IRQHandler
                0x00000000080013b4                OTG_HS_EP1_OUT_IRQHandler
                0x00000000080013b4                WWDG_IRQHandler
                0x00000000080013b4                SPI6_IRQHandler
                0x00000000080013b4                TIM2_IRQHandler
                0x00000000080013b4                OTG_FS_WKUP_IRQHandler
                0x00000000080013b4                TIM1_TRG_COM_TIM11_IRQHandler
                0x00000000080013b4                OTG_HS_IRQHandler
                0x00000000080013b4                DMA2D_IRQHandler
                0x00000000080013b4                EXTI1_IRQHandler
                0x00000000080013b4                UART7_IRQHandler
                0x00000000080013b4                USART2_IRQHandler
                0x00000000080013b4                I2C2_ER_IRQHandler
                0x00000000080013b4                DMA2_Stream1_IRQHandler
                0x00000000080013b4                CAN1_SCE_IRQHandler
                0x00000000080013b4                FLASH_IRQHandler
                0x00000000080013b4                DMA2_Stream4_IRQHandler
                0x00000000080013b4                USART1_IRQHandler
                0x00000000080013b4                OTG_FS_IRQHandler
                0x00000000080013b4                SPI3_IRQHandler
                0x00000000080013b4                DMA1_Stream4_IRQHandler
                0x00000000080013b4                I2C1_ER_IRQHandler
                0x00000000080013b4                FMC_IRQHandler
                0x00000000080013b4                DMA2_Stream6_IRQHandler
                0x00000000080013b4                SAI1_IRQHandler
                0x00000000080013b4                DMA1_Stream3_IRQHandler
 *fill*         0x00000000080013b6        0x2 
 .text.HAL_Init
                0x00000000080013b8       0x44 ./Drivers/STM32F4xx_HAL_Driver/Src/stm32f4xx_hal.o
                0x00000000080013b8                HAL_Init
 .text.HAL_InitTick
                0x00000000080013fc       0x60 ./Drivers/STM32F4xx_HAL_Driver/Src/stm32f4xx_hal.o
                0x00000000080013fc                HAL_InitTick
 .text.HAL_IncTick
                0x000000000800145c       0x28 ./Drivers/STM32F4xx_HAL_Driver/Src/stm32f4xx_hal.o
                0x000000000800145c                HAL_IncTick
 .text.HAL_GetTick
                0x0000000008001484       0x18 ./Drivers/STM32F4xx_HAL_Driver/Src/stm32f4xx_hal.o
                0x0000000008001484                HAL_GetTick
 .text.__NVIC_SetPriorityGrouping
                0x000000000800149c       0x48 ./Drivers/STM32F4xx_HAL_Driver/Src/stm32f4xx_hal_cortex.o
 .text.__NVIC_GetPriorityGrouping
                0x00000000080014e4       0x1c ./Drivers/STM32F4xx_HAL_Driver/Src/stm32f4xx_hal_cortex.o
 .text.__NVIC_SetPriority
                0x0000000008001500       0x54 ./Drivers/STM32F4xx_HAL_Driver/Src/stm32f4xx_hal_cortex.o
 .text.NVIC_EncodePriority
                0x0000000008001554       0x66 ./Drivers/STM32F4xx_HAL_Driver/Src/stm32f4xx_hal_cortex.o
 *fill*         0x00000000080015ba        0x2 
 .text.SysTick_Config
                0x00000000080015bc       0x44 ./Drivers/STM32F4xx_HAL_Driver/Src/stm32f4xx_hal_cortex.o
 .text.HAL_NVIC_SetPriorityGrouping
                0x0000000008001600       0x16 ./Drivers/STM32F4xx_HAL_Driver/Src/stm32f4xx_hal_cortex.o
                0x0000000008001600                HAL_NVIC_SetPriorityGrouping
 .text.HAL_NVIC_SetPriority
                0x0000000008001616       0x38 ./Drivers/STM32F4xx_HAL_Driver/Src/stm32f4xx_hal_cortex.o
                0x0000000008001616                HAL_NVIC_SetPriority
 .text.HAL_SYSTICK_Config
                0x000000000800164e       0x18 ./Drivers/STM32F4xx_HAL_Driver/Src/stm32f4xx_hal_cortex.o
                0x000000000800164e                HAL_SYSTICK_Config
 .text.HAL_DMA_Abort
                0x0000000008001666       0xe0 ./Drivers/STM32F4xx_HAL_Driver/Src/stm32f4xx_hal_dma.o
                0x0000000008001666                HAL_DMA_Abort
 .text.HAL_DMA_Abort_IT
                0x0000000008001746       0x44 ./Drivers/STM32F4xx_HAL_Driver/Src/stm32f4xx_hal_dma.o
                0x0000000008001746                HAL_DMA_Abort_IT
 .text.HAL_DMA_GetError
                0x000000000800178a       0x18 ./Drivers/STM32F4xx_HAL_Driver/Src/stm32f4xx_hal_dma.o
                0x000000000800178a                HAL_DMA_GetError
 *fill*         0x00000000080017a2        0x2 
 .text.HAL_GPIO_Init
                0x00000000080017a4      0x358 ./Drivers/STM32F4xx_HAL_Driver/Src/stm32f4xx_hal_gpio.o
                0x00000000080017a4                HAL_GPIO_Init
 .text.HAL_GPIO_ReadPin
                0x0000000008001afc       0x30 ./Drivers/STM32F4xx_HAL_Driver/Src/stm32f4xx_hal_gpio.o
                0x0000000008001afc                HAL_GPIO_ReadPin
 .text.HAL_GPIO_WritePin
                0x0000000008001b2c       0x32 ./Drivers/STM32F4xx_HAL_Driver/Src/stm32f4xx_hal_gpio.o
                0x0000000008001b2c                HAL_GPIO_WritePin
 *fill*         0x0000000008001b5e        0x2 
 .text.HAL_RCC_OscConfig
                0x0000000008001b60      0x4f0 ./Drivers/STM32F4xx_HAL_Driver/Src/stm32f4xx_hal_rcc.o
                0x0000000008001b60                HAL_RCC_OscConfig
 .text.HAL_RCC_ClockConfig
                0x0000000008002050      0x1cc ./Drivers/STM32F4xx_HAL_Driver/Src/stm32f4xx_hal_rcc.o
                0x0000000008002050                HAL_RCC_ClockConfig
 .text.HAL_RCC_GetSysClockFreq
                0x000000000800221c      0x18c ./Drivers/STM32F4xx_HAL_Driver/Src/stm32f4xx_hal_rcc.o
                0x000000000800221c                HAL_RCC_GetSysClockFreq
 .text.HAL_RCC_GetHCLKFreq
                0x00000000080023a8       0x18 ./Drivers/STM32F4xx_HAL_Driver/Src/stm32f4xx_hal_rcc.o
                0x00000000080023a8                HAL_RCC_GetHCLKFreq
 .text.HAL_RCC_GetPCLK1Freq
                0x00000000080023c0       0x28 ./Drivers/STM32F4xx_HAL_Driver/Src/stm32f4xx_hal_rcc.o
                0x00000000080023c0                HAL_RCC_GetPCLK1Freq
 .text.HAL_RCC_GetPCLK2Freq
                0x00000000080023e8       0x28 ./Drivers/STM32F4xx_HAL_Driver/Src/stm32f4xx_hal_rcc.o
                0x00000000080023e8                HAL_RCC_GetPCLK2Freq
 .text.HAL_UART_Init
                0x0000000008002410       0x9a ./Drivers/STM32F4xx_HAL_Driver/Src/stm32f4xx_hal_uart.o
                0x0000000008002410                HAL_UART_Init
 .text.HAL_UART_Transmit
                0x00000000080024aa      0x124 ./Drivers/STM32F4xx_HAL_Driver/Src/stm32f4xx_hal_uart.o
                0x00000000080024aa                HAL_UART_Transmit
 .text.HAL_UART_Receive
                0x00000000080025ce      0x144 ./Drivers/STM32F4xx_HAL_Driver/Src/stm32f4xx_hal_uart.o
                0x00000000080025ce                HAL_UART_Receive
 .text.HAL_UART_Transmit_IT
                0x0000000008002712       0x8a ./Drivers/STM32F4xx_HAL_Driver/Src/stm32f4xx_hal_uart.o
                0x0000000008002712                HAL_UART_Transmit_IT
 .text.HAL_UART_Receive_IT
                0x000000000800279c       0x60 ./Drivers/STM32F4xx_HAL_Driver/Src/stm32f4xx_hal_uart.o
                0x000000000800279c                HAL_UART_Receive_IT
 .text.HAL_UART_AbortReceive
                0x00000000080027fc      0x146 ./Drivers/STM32F4xx_HAL_Driver/Src/stm32f4xx_hal_uart.o
                0x00000000080027fc                HAL_UART_AbortReceive
 *fill*         0x0000000008002942        0x2 
 .text.HAL_UART_Abort_IT
                0x0000000008002944      0x228 ./Drivers/STM32F4xx_HAL_Driver/Src/stm32f4xx_hal_uart.o
                0x0000000008002944                HAL_UART_Abort_IT
 .text.HAL_UART_AbortCpltCallback
                0x0000000008002b6c       0x14 ./Drivers/STM32F4xx_HAL_Driver/Src/stm32f4xx_hal_uart.o
                0x0000000008002b6c                HAL_UART_AbortCpltCallback
 .text.UART_WaitOnFlagUntilTimeout
                0x0000000008002b80       0xdc ./Drivers/STM32F4xx_HAL_Driver/Src/stm32f4xx_hal_uart.o
 .text.UART_Start_Receive_IT
                0x0000000008002c5c       0x7c ./Drivers/STM32F4xx_HAL_Driver/Src/stm32f4xx_hal_uart.o
                0x0000000008002c5c                UART_Start_Receive_IT
 .text.UART_DMATxAbortCallback
                0x0000000008002cd8       0x60 ./Drivers/STM32F4xx_HAL_Driver/Src/stm32f4xx_hal_uart.o
 .text.UART_DMARxAbortCallback
                0x0000000008002d38       0x60 ./Drivers/STM32F4xx_HAL_Driver/Src/stm32f4xx_hal_uart.o
 .text.UART_SetConfig
                0x0000000008002d98      0x4e8 ./Drivers/STM32F4xx_HAL_Driver/Src/stm32f4xx_hal_uart.o
 .text.__errno  0x0000000008003280        0xc c:/programs/stm32cubeide/stm32cubeide/plugins/com.st.stm32cube.ide.mcu.externaltools.gnu-tools-for-stm32.10.3-2021.10.win32_1.0.0.202111181127/tools/bin/../lib/gcc/arm-none-eabi/10.3.1/../../../../arm-none-eabi/lib/thumb/v7e-m+fp/hard\libc_nano.a(lib_a-errno.o)
                0x0000000008003280                __errno
 .text.__libc_init_array
                0x000000000800328c       0x48 c:/programs/stm32cubeide/stm32cubeide/plugins/com.st.stm32cube.ide.mcu.externaltools.gnu-tools-for-stm32.10.3-2021.10.win32_1.0.0.202111181127/tools/bin/../lib/gcc/arm-none-eabi/10.3.1/../../../../arm-none-eabi/lib/thumb/v7e-m+fp/hard\libc_nano.a(lib_a-init.o)
                0x000000000800328c                __libc_init_array
 .text.memcpy   0x00000000080032d4       0x1c c:/programs/stm32cubeide/stm32cubeide/plugins/com.st.stm32cube.ide.mcu.externaltools.gnu-tools-for-stm32.10.3-2021.10.win32_1.0.0.202111181127/tools/bin/../lib/gcc/arm-none-eabi/10.3.1/../../../../arm-none-eabi/lib/thumb/v7e-m+fp/hard\libc_nano.a(lib_a-memcpy-stub.o)
                0x00000000080032d4                memcpy
 .text.memset   0x00000000080032f0       0x10 c:/programs/stm32cubeide/stm32cubeide/plugins/com.st.stm32cube.ide.mcu.externaltools.gnu-tools-for-stm32.10.3-2021.10.win32_1.0.0.202111181127/tools/bin/../lib/gcc/arm-none-eabi/10.3.1/../../../../arm-none-eabi/lib/thumb/v7e-m+fp/hard\libc_nano.a(lib_a-memset.o)
                0x00000000080032f0                memset
 .text.sscanf   0x0000000008003300       0x58 c:/programs/stm32cubeide/stm32cubeide/plugins/com.st.stm32cube.ide.mcu.externaltools.gnu-tools-for-stm32.10.3-2021.10.win32_1.0.0.202111181127/tools/bin/../lib/gcc/arm-none-eabi/10.3.1/../../../../arm-none-eabi/lib/thumb/v7e-m+fp/hard\libc_nano.a(lib_a-sscanf.o)
                0x0000000008003300                siscanf
                0x0000000008003300                sscanf
 .text.__seofread
                0x0000000008003358        0x4 c:/programs/stm32cubeide/stm32cubeide/plugins/com.st.stm32cube.ide.mcu.externaltools.gnu-tools-for-stm32.10.3-2021.10.win32_1.0.0.202111181127/tools/bin/../lib/gcc/arm-none-eabi/10.3.1/../../../../arm-none-eabi/lib/thumb/v7e-m+fp/hard\libc_nano.a(lib_a-stdio.o)
                0x0000000008003358                __seofread
 .text.strncmp  0x000000000800335c       0x28 c:/programs/stm32cubeide/stm32cubeide/plugins/com.st.stm32cube.ide.mcu.externaltools.gnu-tools-for-stm32.10.3-2021.10.win32_1.0.0.202111181127/tools/bin/../lib/gcc/arm-none-eabi/10.3.1/../../../../arm-none-eabi/lib/thumb/v7e-m+fp/hard\libc_nano.a(lib_a-strncmp.o)
                0x000000000800335c                strncmp
 .text._vsnprintf_r
                0x0000000008003384       0x56 c:/programs/stm32cubeide/stm32cubeide/plugins/com.st.stm32cube.ide.mcu.externaltools.gnu-tools-for-stm32.10.3-2021.10.win32_1.0.0.202111181127/tools/bin/../lib/gcc/arm-none-eabi/10.3.1/../../../../arm-none-eabi/lib/thumb/v7e-m+fp/hard\libc_nano.a(lib_a-vsnprintf.o)
                0x0000000008003384                _vsniprintf_r
                0x0000000008003384                _vsnprintf_r
 *fill*         0x00000000080033da        0x2 
 .text.vsnprintf
                0x00000000080033dc       0x1c c:/programs/stm32cubeide/stm32cubeide/plugins/com.st.stm32cube.ide.mcu.externaltools.gnu-tools-for-stm32.10.3-2021.10.win32_1.0.0.202111181127/tools/bin/../lib/gcc/arm-none-eabi/10.3.1/../../../../arm-none-eabi/lib/thumb/v7e-m+fp/hard\libc_nano.a(lib_a-vsnprintf.o)
                0x00000000080033dc                vsniprintf
                0x00000000080033dc                vsnprintf
 .text.__ssputs_r
                0x00000000080033f8       0xb6 c:/programs/stm32cubeide/stm32cubeide/plugins/com.st.stm32cube.ide.mcu.externaltools.gnu-tools-for-stm32.10.3-2021.10.win32_1.0.0.202111181127/tools/bin/../lib/gcc/arm-none-eabi/10.3.1/../../../../arm-none-eabi/lib/thumb/v7e-m+fp/hard\libc_nano.a(lib_a-nano-svfprintf.o)
                0x00000000080033f8                __ssputs_r
 *fill*         0x00000000080034ae        0x2 
 .text._svfprintf_r
                0x00000000080034b0      0x200 c:/programs/stm32cubeide/stm32cubeide/plugins/com.st.stm32cube.ide.mcu.externaltools.gnu-tools-for-stm32.10.3-2021.10.win32_1.0.0.202111181127/tools/bin/../lib/gcc/arm-none-eabi/10.3.1/../../../../arm-none-eabi/lib/thumb/v7e-m+fp/hard\libc_nano.a(lib_a-nano-svfprintf.o)
                0x00000000080034b0                _svfiprintf_r
                0x00000000080034b0                _svfprintf_r
 .text._sungetc_r
                0x00000000080036b0       0x7a c:/programs/stm32cubeide/stm32cubeide/plugins/com.st.stm32cube.ide.mcu.externaltools.gnu-tools-for-stm32.10.3-2021.10.win32_1.0.0.202111181127/tools/bin/../lib/gcc/arm-none-eabi/10.3.1/../../../../arm-none-eabi/lib/thumb/v7e-m+fp/hard\libc_nano.a(lib_a-nano-svfscanf.o)
                0x00000000080036b0                _sungetc_r
 .text.__ssrefill_r
                0x000000000800372a       0x3a c:/programs/stm32cubeide/stm32cubeide/plugins/com.st.stm32cube.ide.mcu.externaltools.gnu-tools-for-stm32.10.3-2021.10.win32_1.0.0.202111181127/tools/bin/../lib/gcc/arm-none-eabi/10.3.1/../../../../arm-none-eabi/lib/thumb/v7e-m+fp/hard\libc_nano.a(lib_a-nano-svfscanf.o)
                0x000000000800372a                __ssrefill_r
 .text.__ssvfscanf_r
                0x0000000008003764      0x2f0 c:/programs/stm32cubeide/stm32cubeide/plugins/com.st.stm32cube.ide.mcu.externaltools.gnu-tools-for-stm32.10.3-2021.10.win32_1.0.0.202111181127/tools/bin/../lib/gcc/arm-none-eabi/10.3.1/../../../../arm-none-eabi/lib/thumb/v7e-m+fp/hard\libc_nano.a(lib_a-nano-svfscanf.o)
                0x0000000008003764                __ssvfiscanf_r
                0x0000000008003764                __ssvfscanf_r
 .text._printf_common
                0x0000000008003a54       0xda c:/programs/stm32cubeide/stm32cubeide/plugins/com.st.stm32cube.ide.mcu.externaltools.gnu-tools-for-stm32.10.3-2021.10.win32_1.0.0.202111181127/tools/bin/../lib/gcc/arm-none-eabi/10.3.1/../../../../arm-none-eabi/lib/thumb/v7e-m+fp/hard\libc_nano.a(lib_a-nano-vfprintf_i.o)
                0x0000000008003a54                _printf_common
 *fill*         0x0000000008003b2e        0x2 
 .text._printf_i
                0x0000000008003b30      0x24c c:/programs/stm32cubeide/stm32cubeide/plugins/com.st.stm32cube.ide.mcu.externaltools.gnu-tools-for-stm32.10.3-2021.10.win32_1.0.0.202111181127/tools/bin/../lib/gcc/arm-none-eabi/10.3.1/../../../../arm-none-eabi/lib/thumb/v7e-m+fp/hard\libc_nano.a(lib_a-nano-vfprintf_i.o)
                0x0000000008003b30                _printf_i
 .text._scanf_chars
                0x0000000008003d7c       0xb4 c:/programs/stm32cubeide/stm32cubeide/plugins/com.st.stm32cube.ide.mcu.externaltools.gnu-tools-for-stm32.10.3-2021.10.win32_1.0.0.202111181127/tools/bin/../lib/gcc/arm-none-eabi/10.3.1/../../../../arm-none-eabi/lib/thumb/v7e-m+fp/hard\libc_nano.a(lib_a-nano-vfscanf_i.o)
                0x0000000008003d7c                _scanf_chars
 .text._scanf_i
                0x0000000008003e30      0x1f0 c:/programs/stm32cubeide/stm32cubeide/plugins/com.st.stm32cube.ide.mcu.externaltools.gnu-tools-for-stm32.10.3-2021.10.win32_1.0.0.202111181127/tools/bin/../lib/gcc/arm-none-eabi/10.3.1/../../../../arm-none-eabi/lib/thumb/v7e-m+fp/hard\libc_nano.a(lib_a-nano-vfscanf_i.o)
                0x0000000008003e30                _scanf_i
 .text.__sccl   0x0000000008004020       0x70 c:/programs/stm32cubeide/stm32cubeide/plugins/com.st.stm32cube.ide.mcu.externaltools.gnu-tools-for-stm32.10.3-2021.10.win32_1.0.0.202111181127/tools/bin/../lib/gcc/arm-none-eabi/10.3.1/../../../../arm-none-eabi/lib/thumb/v7e-m+fp/hard\libc_nano.a(lib_a-sccl.o)
                0x0000000008004020                __sccl
 .text._strtol_l.constprop.0
                0x0000000008004090      0x104 c:/programs/stm32cubeide/stm32cubeide/plugins/com.st.stm32cube.ide.mcu.externaltools.gnu-tools-for-stm32.10.3-2021.10.win32_1.0.0.202111181127/tools/bin/../lib/gcc/arm-none-eabi/10.3.1/../../../../arm-none-eabi/lib/thumb/v7e-m+fp/hard\libc_nano.a(lib_a-strtol.o)
 .text._strtol_r
                0x0000000008004194        0x4 c:/programs/stm32cubeide/stm32cubeide/plugins/com.st.stm32cube.ide.mcu.externaltools.gnu-tools-for-stm32.10.3-2021.10.win32_1.0.0.202111181127/tools/bin/../lib/gcc/arm-none-eabi/10.3.1/../../../../arm-none-eabi/lib/thumb/v7e-m+fp/hard\libc_nano.a(lib_a-strtol.o)
                0x0000000008004194                _strtol_r
 .text._strtoul_l.constprop.0
                0x0000000008004198       0xe4 c:/programs/stm32cubeide/stm32cubeide/plugins/com.st.stm32cube.ide.mcu.externaltools.gnu-tools-for-stm32.10.3-2021.10.win32_1.0.0.202111181127/tools/bin/../lib/gcc/arm-none-eabi/10.3.1/../../../../arm-none-eabi/lib/thumb/v7e-m+fp/hard\libc_nano.a(lib_a-strtoul.o)
 .text._strtoul_r
                0x000000000800427c        0x4 c:/programs/stm32cubeide/stm32cubeide/plugins/com.st.stm32cube.ide.mcu.externaltools.gnu-tools-for-stm32.10.3-2021.10.win32_1.0.0.202111181127/tools/bin/../lib/gcc/arm-none-eabi/10.3.1/../../../../arm-none-eabi/lib/thumb/v7e-m+fp/hard\libc_nano.a(lib_a-strtoul.o)
                0x000000000800427c                _strtoul_r
 .text.__submore
                0x0000000008004280       0x74 c:/programs/stm32cubeide/stm32cubeide/plugins/com.st.stm32cube.ide.mcu.externaltools.gnu-tools-for-stm32.10.3-2021.10.win32_1.0.0.202111181127/tools/bin/../lib/gcc/arm-none-eabi/10.3.1/../../../../arm-none-eabi/lib/thumb/v7e-m+fp/hard\libc_nano.a(lib_a-ungetc.o)
                0x0000000008004280                __submore
 .text.__retarget_lock_acquire_recursive
                0x00000000080042f4        0x2 c:/programs/stm32cubeide/stm32cubeide/plugins/com.st.stm32cube.ide.mcu.externaltools.gnu-tools-for-stm32.10.3-2021.10.win32_1.0.0.202111181127/tools/bin/../lib/gcc/arm-none-eabi/10.3.1/../../../../arm-none-eabi/lib/thumb/v7e-m+fp/hard\libc_nano.a(lib_a-lock.o)
                0x00000000080042f4                __retarget_lock_acquire_recursive
 .text.__retarget_lock_release_recursive
                0x00000000080042f6        0x2 c:/programs/stm32cubeide/stm32cubeide/plugins/com.st.stm32cube.ide.mcu.externaltools.gnu-tools-for-stm32.10.3-2021.10.win32_1.0.0.202111181127/tools/bin/../lib/gcc/arm-none-eabi/10.3.1/../../../../arm-none-eabi/lib/thumb/v7e-m+fp/hard\libc_nano.a(lib_a-lock.o)
                0x00000000080042f6                __retarget_lock_release_recursive
 .text.memmove  0x00000000080042f8       0x34 c:/programs/stm32cubeide/stm32cubeide/plugins/com.st.stm32cube.ide.mcu.externaltools.gnu-tools-for-stm32.10.3-2021.10.win32_1.0.0.202111181127/tools/bin/../lib/gcc/arm-none-eabi/10.3.1/../../../../arm-none-eabi/lib/thumb/v7e-m+fp/hard\libc_nano.a(lib_a-memmove.o)
                0x00000000080042f8                memmove
 .text._free_r  0x000000000800432c       0x98 c:/programs/stm32cubeide/stm32cubeide/plugins/com.st.stm32cube.ide.mcu.externaltools.gnu-tools-for-stm32.10.3-2021.10.win32_1.0.0.202111181127/tools/bin/../lib/gcc/arm-none-eabi/10.3.1/../../../../arm-none-eabi/lib/thumb/v7e-m+fp/hard\libc_nano.a(lib_a-nano-freer.o)
                0x000000000800432c                _free_r
 .text.sbrk_aligned
                0x00000000080043c4       0x40 c:/programs/stm32cubeide/stm32cubeide/plugins/com.st.stm32cube.ide.mcu.externaltools.gnu-tools-for-stm32.10.3-2021.10.win32_1.0.0.202111181127/tools/bin/../lib/gcc/arm-none-eabi/10.3.1/../../../../arm-none-eabi/lib/thumb/v7e-m+fp/hard\libc_nano.a(lib_a-nano-mallocr.o)
 .text._malloc_r
                0x0000000008004404       0xe8 c:/programs/stm32cubeide/stm32cubeide/plugins/com.st.stm32cube.ide.mcu.externaltools.gnu-tools-for-stm32.10.3-2021.10.win32_1.0.0.202111181127/tools/bin/../lib/gcc/arm-none-eabi/10.3.1/../../../../arm-none-eabi/lib/thumb/v7e-m+fp/hard\libc_nano.a(lib_a-nano-mallocr.o)
                0x0000000008004404                _malloc_r
 .text._realloc_r
                0x00000000080044ec       0x5e c:/programs/stm32cubeide/stm32cubeide/plugins/com.st.stm32cube.ide.mcu.externaltools.gnu-tools-for-stm32.10.3-2021.10.win32_1.0.0.202111181127/tools/bin/../lib/gcc/arm-none-eabi/10.3.1/../../../../arm-none-eabi/lib/thumb/v7e-m+fp/hard\libc_nano.a(lib_a-nano-reallocr.o)
                0x00000000080044ec                _realloc_r
 *fill*         0x000000000800454a        0x2 
 .text._sbrk_r  0x000000000800454c       0x20 c:/programs/stm32cubeide/stm32cubeide/plugins/com.st.stm32cube.ide.mcu.externaltools.gnu-tools-for-stm32.10.3-2021.10.win32_1.0.0.202111181127/tools/bin/../lib/gcc/arm-none-eabi/10.3.1/../../../../arm-none-eabi/lib/thumb/v7e-m+fp/hard\libc_nano.a(lib_a-sbrkr.o)
                0x000000000800454c                _sbrk_r
 .text.__malloc_lock
                0x000000000800456c        0xc c:/programs/stm32cubeide/stm32cubeide/plugins/com.st.stm32cube.ide.mcu.externaltools.gnu-tools-for-stm32.10.3-2021.10.win32_1.0.0.202111181127/tools/bin/../lib/gcc/arm-none-eabi/10.3.1/../../../../arm-none-eabi/lib/thumb/v7e-m+fp/hard\libc_nano.a(lib_a-mlock.o)
                0x000000000800456c                __malloc_lock
 .text.__malloc_unlock
                0x0000000008004578        0xc c:/programs/stm32cubeide/stm32cubeide/plugins/com.st.stm32cube.ide.mcu.externaltools.gnu-tools-for-stm32.10.3-2021.10.win32_1.0.0.202111181127/tools/bin/../lib/gcc/arm-none-eabi/10.3.1/../../../../arm-none-eabi/lib/thumb/v7e-m+fp/hard\libc_nano.a(lib_a-mlock.o)
                0x0000000008004578                __malloc_unlock
 .text._malloc_usable_size_r
                0x0000000008004584       0x10 c:/programs/stm32cubeide/stm32cubeide/plugins/com.st.stm32cube.ide.mcu.externaltools.gnu-tools-for-stm32.10.3-2021.10.win32_1.0.0.202111181127/tools/bin/../lib/gcc/arm-none-eabi/10.3.1/../../../../arm-none-eabi/lib/thumb/v7e-m+fp/hard\libc_nano.a(lib_a-nano-msizer.o)
                0x0000000008004584                _malloc_usable_size_r
 *(.glue_7)
 .glue_7        0x0000000008004594        0x0 linker stubs
 *(.glue_7t)
 .glue_7t       0x0000000008004594        0x0 linker stubs
 *(.eh_frame)
 .eh_frame      0x0000000008004594        0x0 c:/programs/stm32cubeide/stm32cubeide/plugins/com.st.stm32cube.ide.mcu.externaltools.gnu-tools-for-stm32.10.3-2021.10.win32_1.0.0.202111181127/tools/bin/../lib/gcc/arm-none-eabi/10.3.1/thumb/v7e-m+fp/hard/crtbegin.o
 *(.init)
 .init          0x0000000008004594        0x4 c:/programs/stm32cubeide/stm32cubeide/plugins/com.st.stm32cube.ide.mcu.externaltools.gnu-tools-for-stm32.10.3-2021.10.win32_1.0.0.202111181127/tools/bin/../lib/gcc/arm-none-eabi/10.3.1/thumb/v7e-m+fp/hard/crti.o
                0x0000000008004594                _init
 .init          0x0000000008004598        0x8 c:/programs/stm32cubeide/stm32cubeide/plugins/com.st.stm32cube.ide.mcu.externaltools.gnu-tools-for-stm32.10.3-2021.10.win32_1.0.0.202111181127/tools/bin/../lib/gcc/arm-none-eabi/10.3.1/thumb/v7e-m+fp/hard/crtn.o
 *(.fini)
 .fini          0x00000000080045a0        0x4 c:/programs/stm32cubeide/stm32cubeide/plugins/com.st.stm32cube.ide.mcu.externaltools.gnu-tools-for-stm32.10.3-2021.10.win32_1.0.0.202111181127/tools/bin/../lib/gcc/arm-none-eabi/10.3.1/thumb/v7e-m+fp/hard/crti.o
                0x00000000080045a0                _fini
 .fini          0x00000000080045a4        0x8 c:/programs/stm32cubeide/stm32cubeide/plugins/com.st.stm32cube.ide.mcu.externaltools.gnu-tools-for-stm32.10.3-2021.10.win32_1.0.0.202111181127/tools/bin/../lib/gcc/arm-none-eabi/10.3.1/thumb/v7e-m+fp/hard/crtn.o
                0x00000000080045ac                . = ALIGN (0x4)
                0x00000000080045ac                _etext = .

.vfp11_veneer   0x00000000080045ac        0x0
 .vfp11_veneer  0x00000000080045ac        0x0 linker stubs

.v4_bx          0x00000000080045ac        0x0
 .v4_bx         0x00000000080045ac        0x0 linker stubs

.iplt           0x00000000080045ac        0x0
 .iplt          0x00000000080045ac        0x0 c:/programs/stm32cubeide/stm32cubeide/plugins/com.st.stm32cube.ide.mcu.externaltools.gnu-tools-for-stm32.10.3-2021.10.win32_1.0.0.202111181127/tools/bin/../lib/gcc/arm-none-eabi/10.3.1/thumb/v7e-m+fp/hard/crtbegin.o

.rodata         0x00000000080045ac      0x300
                0x00000000080045ac                . = ALIGN (0x4)
 *(.rodata)
 .rodata        0x00000000080045ac      0x106 ./Core/Src/main.o
 *fill*         0x00000000080046b2        0x2 
 .rodata        0x00000000080046b4        0xc c:/programs/stm32cubeide/stm32cubeide/plugins/com.st.stm32cube.ide.mcu.externaltools.gnu-tools-for-stm32.10.3-2021.10.win32_1.0.0.202111181127/tools/bin/../lib/gcc/arm-none-eabi/10.3.1/../../../../arm-none-eabi/lib/thumb/v7e-m+fp/hard\libc_nano.a(lib_a-nano-vfscanf_i.o)
 *(.rodata*)
 .rodata.OK_MESSAGE
                0x00000000080046c0        0x3 ./Core/Src/main.o
                0x00000000080046c0                OK_MESSAGE
 *fill*         0x00000000080046c3        0x1 
 .rodata.WRONG_COMMAND
                0x00000000080046c4        0xe ./Core/Src/main.o
                0x00000000080046c4                WRONG_COMMAND
 *fill*         0x00000000080046d2        0x2 
 .rodata.led_functions
                0x00000000080046d4       0x10 ./Core/Src/main.o
                0x00000000080046d4                led_functions
 .rodata.AHBPrescTable
                0x00000000080046e4       0x10 ./Core/Src/system_stm32f4xx.o
                0x00000000080046e4                AHBPrescTable
 .rodata.APBPrescTable
                0x00000000080046f4        0x8 ./Core/Src/system_stm32f4xx.o
                0x00000000080046f4                APBPrescTable
 .rodata._svfprintf_r.str1.1
                0x00000000080046fc       0x11 c:/programs/stm32cubeide/stm32cubeide/plugins/com.st.stm32cube.ide.mcu.externaltools.gnu-tools-for-stm32.10.3-2021.10.win32_1.0.0.202111181127/tools/bin/../lib/gcc/arm-none-eabi/10.3.1/../../../../arm-none-eabi/lib/thumb/v7e-m+fp/hard\libc_nano.a(lib_a-nano-svfprintf.o)
 .rodata.__ssvfscanf_r.str1.1
                0x000000000800470d        0x4 c:/programs/stm32cubeide/stm32cubeide/plugins/com.st.stm32cube.ide.mcu.externaltools.gnu-tools-for-stm32.10.3-2021.10.win32_1.0.0.202111181127/tools/bin/../lib/gcc/arm-none-eabi/10.3.1/../../../../arm-none-eabi/lib/thumb/v7e-m+fp/hard\libc_nano.a(lib_a-nano-svfscanf.o)
 .rodata._printf_i.str1.1
                0x000000000800470d       0x22 c:/programs/stm32cubeide/stm32cubeide/plugins/com.st.stm32cube.ide.mcu.externaltools.gnu-tools-for-stm32.10.3-2021.10.win32_1.0.0.202111181127/tools/bin/../lib/gcc/arm-none-eabi/10.3.1/../../../../arm-none-eabi/lib/thumb/v7e-m+fp/hard\libc_nano.a(lib_a-nano-vfprintf_i.o)
 .rodata.str1.1
                0x000000000800472f        0x9 c:/programs/stm32cubeide/stm32cubeide/plugins/com.st.stm32cube.ide.mcu.externaltools.gnu-tools-for-stm32.10.3-2021.10.win32_1.0.0.202111181127/tools/bin/../lib/gcc/arm-none-eabi/10.3.1/../../../../arm-none-eabi/lib/thumb/v7e-m+fp/hard\libc_nano.a(lib_a-nano-vfscanf_i.o)
 .rodata._scanf_i.str1.1
                0x0000000008004738       0x12 c:/programs/stm32cubeide/stm32cubeide/plugins/com.st.stm32cube.ide.mcu.externaltools.gnu-tools-for-stm32.10.3-2021.10.win32_1.0.0.202111181127/tools/bin/../lib/gcc/arm-none-eabi/10.3.1/../../../../arm-none-eabi/lib/thumb/v7e-m+fp/hard\libc_nano.a(lib_a-nano-vfscanf_i.o)
 .rodata._ctype_
                0x000000000800474a      0x101 c:/programs/stm32cubeide/stm32cubeide/plugins/com.st.stm32cube.ide.mcu.externaltools.gnu-tools-for-stm32.10.3-2021.10.win32_1.0.0.202111181127/tools/bin/../lib/gcc/arm-none-eabi/10.3.1/../../../../arm-none-eabi/lib/thumb/v7e-m+fp/hard\libc_nano.a(lib_a-ctype_.o)
                0x000000000800474a                _ctype_
 *fill*         0x000000000800484b        0x1 
 .rodata.__sf_fake_stderr
                0x000000000800484c       0x20 c:/programs/stm32cubeide/stm32cubeide/plugins/com.st.stm32cube.ide.mcu.externaltools.gnu-tools-for-stm32.10.3-2021.10.win32_1.0.0.202111181127/tools/bin/../lib/gcc/arm-none-eabi/10.3.1/../../../../arm-none-eabi/lib/thumb/v7e-m+fp/hard\libc_nano.a(lib_a-findfp.o)
                0x000000000800484c                __sf_fake_stderr
 .rodata.__sf_fake_stdin
                0x000000000800486c       0x20 c:/programs/stm32cubeide/stm32cubeide/plugins/com.st.stm32cube.ide.mcu.externaltools.gnu-tools-for-stm32.10.3-2021.10.win32_1.0.0.202111181127/tools/bin/../lib/gcc/arm-none-eabi/10.3.1/../../../../arm-none-eabi/lib/thumb/v7e-m+fp/hard\libc_nano.a(lib_a-findfp.o)
                0x000000000800486c                __sf_fake_stdin
 .rodata.__sf_fake_stdout
                0x000000000800488c       0x20 c:/programs/stm32cubeide/stm32cubeide/plugins/com.st.stm32cube.ide.mcu.externaltools.gnu-tools-for-stm32.10.3-2021.10.win32_1.0.0.202111181127/tools/bin/../lib/gcc/arm-none-eabi/10.3.1/../../../../arm-none-eabi/lib/thumb/v7e-m+fp/hard\libc_nano.a(lib_a-findfp.o)
                0x000000000800488c                __sf_fake_stdout
                0x00000000080048ac                . = ALIGN (0x4)

.ARM.extab      0x00000000080048ac        0x0
                0x00000000080048ac                . = ALIGN (0x4)
 *(.ARM.extab* .gnu.linkonce.armextab.*)
                0x00000000080048ac                . = ALIGN (0x4)

.ARM            0x00000000080048ac        0x8
                0x00000000080048ac                . = ALIGN (0x4)
                0x00000000080048ac                __exidx_start = .
 *(.ARM.exidx*)
 .ARM.exidx     0x00000000080048ac        0x8 c:/programs/stm32cubeide/stm32cubeide/plugins/com.st.stm32cube.ide.mcu.externaltools.gnu-tools-for-stm32.10.3-2021.10.win32_1.0.0.202111181127/tools/bin/../lib/gcc/arm-none-eabi/10.3.1/thumb/v7e-m+fp/hard\libgcc.a(_udivmoddi4.o)
                0x00000000080048b4                __exidx_end = .
                0x00000000080048b4                . = ALIGN (0x4)

.rel.dyn        0x00000000080048b4        0x0
 .rel.iplt      0x00000000080048b4        0x0 c:/programs/stm32cubeide/stm32cubeide/plugins/com.st.stm32cube.ide.mcu.externaltools.gnu-tools-for-stm32.10.3-2021.10.win32_1.0.0.202111181127/tools/bin/../lib/gcc/arm-none-eabi/10.3.1/thumb/v7e-m+fp/hard/crtbegin.o

.preinit_array  0x00000000080048b4        0x0
                0x00000000080048b4                . = ALIGN (0x4)
                0x00000000080048b4                PROVIDE (__preinit_array_start = .)
 *(.preinit_array*)
                0x00000000080048b4                PROVIDE (__preinit_array_end = .)
                0x00000000080048b4                . = ALIGN (0x4)

.init_array     0x00000000080048b4        0x4
                0x00000000080048b4                . = ALIGN (0x4)
                0x00000000080048b4                PROVIDE (__init_array_start = .)
 *(SORT_BY_NAME(.init_array.*))
 *(.init_array*)
 .init_array    0x00000000080048b4        0x4 c:/programs/stm32cubeide/stm32cubeide/plugins/com.st.stm32cube.ide.mcu.externaltools.gnu-tools-for-stm32.10.3-2021.10.win32_1.0.0.202111181127/tools/bin/../lib/gcc/arm-none-eabi/10.3.1/thumb/v7e-m+fp/hard/crtbegin.o
                0x00000000080048b8                PROVIDE (__init_array_end = .)
                0x00000000080048b8                . = ALIGN (0x4)

.fini_array     0x00000000080048b8        0x4
                0x00000000080048b8                . = ALIGN (0x4)
                [!provide]                        PROVIDE (__fini_array_start = .)
 *(SORT_BY_NAME(.fini_array.*))
 *(.fini_array*)
 .fini_array    0x00000000080048b8        0x4 c:/programs/stm32cubeide/stm32cubeide/plugins/com.st.stm32cube.ide.mcu.externaltools.gnu-tools-for-stm32.10.3-2021.10.win32_1.0.0.202111181127/tools/bin/../lib/gcc/arm-none-eabi/10.3.1/thumb/v7e-m+fp/hard/crtbegin.o
                [!provide]                        PROVIDE (__fini_array_end = .)
                0x00000000080048bc                . = ALIGN (0x4)
                0x00000000080048bc                _sidata = LOADADDR (.data)

.data           0x0000000020000000      0x184 load address 0x00000000080048bc
                0x0000000020000000                . = ALIGN (0x4)
                0x0000000020000000                _sdata = .
 *(.data)
 *(.data*)
 .data.adding_mode
                0x0000000020000000        0x1 ./Core/Src/main.o
                0x0000000020000000                adding_mode
 .data.CONST_MODES_COUNT
                0x0000000020000001        0x1 ./Core/Src/main.o
                0x0000000020000001                CONST_MODES_COUNT
 .data.current_max_mode
                0x0000000020000002        0x1 ./Core/Src/main.o
                0x0000000020000002                current_max_mode
 *fill*         0x0000000020000003        0x1 
 .data.modes    0x0000000020000004      0x110 ./Core/Src/main.o
                0x0000000020000004                modes
 .data.SystemCoreClock
                0x0000000020000114        0x4 ./Core/Src/system_stm32f4xx.o
                0x0000000020000114                SystemCoreClock
 .data.uwTickPrio
                0x0000000020000118        0x4 ./Drivers/STM32F4xx_HAL_Driver/Src/stm32f4xx_hal.o
                0x0000000020000118                uwTickPrio
 .data.uwTickFreq
                0x000000002000011c        0x1 ./Drivers/STM32F4xx_HAL_Driver/Src/stm32f4xx_hal.o
                0x000000002000011c                uwTickFreq
 *fill*         0x000000002000011d        0x3 
 .data._impure_ptr
                0x0000000020000120        0x4 c:/programs/stm32cubeide/stm32cubeide/plugins/com.st.stm32cube.ide.mcu.externaltools.gnu-tools-for-stm32.10.3-2021.10.win32_1.0.0.202111181127/tools/bin/../lib/gcc/arm-none-eabi/10.3.1/../../../../arm-none-eabi/lib/thumb/v7e-m+fp/hard\libc_nano.a(lib_a-impure.o)
                0x0000000020000120                _impure_ptr
 .data.impure_data
                0x0000000020000124       0x60 c:/programs/stm32cubeide/stm32cubeide/plugins/com.st.stm32cube.ide.mcu.externaltools.gnu-tools-for-stm32.10.3-2021.10.win32_1.0.0.202111181127/tools/bin/../lib/gcc/arm-none-eabi/10.3.1/../../../../arm-none-eabi/lib/thumb/v7e-m+fp/hard\libc_nano.a(lib_a-impure.o)
 *(.RamFunc)
 *(.RamFunc*)
                0x0000000020000184                . = ALIGN (0x4)
                0x0000000020000184                _edata = .
                0x0000000008004a40                _siccmram = LOADADDR (.ccmram)

.igot.plt       0x0000000020000184        0x0 load address 0x0000000008004a40
 .igot.plt      0x0000000020000184        0x0 c:/programs/stm32cubeide/stm32cubeide/plugins/com.st.stm32cube.ide.mcu.externaltools.gnu-tools-for-stm32.10.3-2021.10.win32_1.0.0.202111181127/tools/bin/../lib/gcc/arm-none-eabi/10.3.1/thumb/v7e-m+fp/hard/crtbegin.o

.ccmram         0x0000000010000000        0x0 load address 0x0000000008004a40
                0x0000000010000000                . = ALIGN (0x4)
                0x0000000010000000                _sccmram = .
 *(.ccmram)
 *(.ccmram*)
                0x0000000010000000                . = ALIGN (0x4)
                0x0000000010000000                _eccmram = .
                0x0000000010000000                . = ALIGN (0x4)

.bss            0x0000000020000184      0x5ac
                0x0000000020000184                _sbss = .
                0x0000000020000184                __bss_start__ = _sbss
 *(.bss)
 .bss           0x0000000020000184       0x1c c:/programs/stm32cubeide/stm32cubeide/plugins/com.st.stm32cube.ide.mcu.externaltools.gnu-tools-for-stm32.10.3-2021.10.win32_1.0.0.202111181127/tools/bin/../lib/gcc/arm-none-eabi/10.3.1/thumb/v7e-m+fp/hard/crtbegin.o
 *(.bss*)
 .bss.cmd       0x00000000200001a0       0x40 ./Core/Src/main.o
                0x00000000200001a0                cmd
 .bss.last_pressed_time
                0x00000000200001e0        0x4 ./Core/Src/main.o
                0x00000000200001e0                last_pressed_time
 .bss.cur_mode_code
                0x00000000200001e4        0x1 ./Core/Src/main.o
                0x00000000200001e4                cur_mode_code
 .bss.is_interrupt_mode
                0x00000000200001e5        0x1 ./Core/Src/main.o
                0x00000000200001e5                is_interrupt_mode
 .bss.last_received_char
                0x00000000200001e6        0x1 ./Core/Src/main.o
                0x00000000200001e6                last_received_char
 *fill*         0x00000000200001e7        0x1 
 .bss.content_all
                0x00000000200001e8        0x4 ./Core/Src/main.o
                0x00000000200001e8                content_all
 .bss.remaining_timeouts_input
                0x00000000200001ec        0x1 ./Core/Src/main.o
                0x00000000200001ec                remaining_timeouts_input
 *fill*         0x00000000200001ed        0x3 
 .bss.new_mode  0x00000000200001f0       0x22 ./Core/Src/main.o
                0x00000000200001f0                new_mode
 *fill*         0x0000000020000212        0x2 
 .bss.last_state
                0x0000000020000214       0x28 ./Core/Src/main.o
                0x0000000020000214                last_state
 .bss.buffer.0  0x000000002000023c      0x400 ./Core/Src/main.o
 .bss.rx_buffer
                0x000000002000063c       0x48 ./Core/Src/ring_buffer.o
                0x000000002000063c                rx_buffer
 .bss.tx_buffer
                0x0000000020000684       0x48 ./Core/Src/ring_buffer.o
                0x0000000020000684                tx_buffer
 .bss._rx_buffer
                0x00000000200006cc        0x4 ./Core/Src/ring_buffer.o
                0x00000000200006cc                _rx_buffer
 .bss._tx_buffer
                0x00000000200006d0        0x4 ./Core/Src/ring_buffer.o
                0x00000000200006d0                _tx_buffer
 .bss.__sbrk_heap_end
                0x00000000200006d4        0x4 ./Core/Src/sysmem.o
 .bss.huart6    0x00000000200006d8       0x44 ./Core/Src/usart.o
                0x00000000200006d8                huart6
 .bss.uwTick    0x000000002000071c        0x4 ./Drivers/STM32F4xx_HAL_Driver/Src/stm32f4xx_hal.o
                0x000000002000071c                uwTick
 .bss.errno     0x0000000020000720        0x4 c:/programs/stm32cubeide/stm32cubeide/plugins/com.st.stm32cube.ide.mcu.externaltools.gnu-tools-for-stm32.10.3-2021.10.win32_1.0.0.202111181127/tools/bin/../lib/gcc/arm-none-eabi/10.3.1/../../../../arm-none-eabi/lib/thumb/v7e-m+fp/hard\libc_nano.a(lib_a-reent.o)
                0x0000000020000720                errno
 .bss.__lock___malloc_recursive_mutex
                0x0000000020000724        0x1 c:/programs/stm32cubeide/stm32cubeide/plugins/com.st.stm32cube.ide.mcu.externaltools.gnu-tools-for-stm32.10.3-2021.10.win32_1.0.0.202111181127/tools/bin/../lib/gcc/arm-none-eabi/10.3.1/../../../../arm-none-eabi/lib/thumb/v7e-m+fp/hard\libc_nano.a(lib_a-lock.o)
                0x0000000020000724                __lock___malloc_recursive_mutex
 *fill*         0x0000000020000725        0x3 
 .bss.__malloc_free_list
                0x0000000020000728        0x4 c:/programs/stm32cubeide/stm32cubeide/plugins/com.st.stm32cube.ide.mcu.externaltools.gnu-tools-for-stm32.10.3-2021.10.win32_1.0.0.202111181127/tools/bin/../lib/gcc/arm-none-eabi/10.3.1/../../../../arm-none-eabi/lib/thumb/v7e-m+fp/hard\libc_nano.a(lib_a-nano-mallocr.o)
                0x0000000020000728                __malloc_free_list
 .bss.__malloc_sbrk_start
                0x000000002000072c        0x4 c:/programs/stm32cubeide/stm32cubeide/plugins/com.st.stm32cube.ide.mcu.externaltools.gnu-tools-for-stm32.10.3-2021.10.win32_1.0.0.202111181127/tools/bin/../lib/gcc/arm-none-eabi/10.3.1/../../../../arm-none-eabi/lib/thumb/v7e-m+fp/hard\libc_nano.a(lib_a-nano-mallocr.o)
                0x000000002000072c                __malloc_sbrk_start
 *(COMMON)
                0x0000000020000730                . = ALIGN (0x4)
                0x0000000020000730                _ebss = .
                0x0000000020000730                __bss_end__ = _ebss

._user_heap_stack
                0x0000000020000730      0x600
                0x0000000020000730                . = ALIGN (0x8)
                [!provide]                        PROVIDE (end = .)
                0x0000000020000730                PROVIDE (_end = .)
                0x0000000020000930                . = (. + _Min_Heap_Size)
 *fill*         0x0000000020000730      0x200 
                0x0000000020000d30                . = (. + _Min_Stack_Size)
 *fill*         0x0000000020000930      0x400 
                0x0000000020000d30                . = ALIGN (0x8)

/DISCARD/
 libc.a(*)
 libm.a(*)
 libgcc.a(*)

.ARM.attributes
                0x0000000000000000       0x30
 *(.ARM.attributes)
 .ARM.attributes
                0x0000000000000000       0x1e c:/programs/stm32cubeide/stm32cubeide/plugins/com.st.stm32cube.ide.mcu.externaltools.gnu-tools-for-stm32.10.3-2021.10.win32_1.0.0.202111181127/tools/bin/../lib/gcc/arm-none-eabi/10.3.1/thumb/v7e-m+fp/hard/crti.o
 .ARM.attributes
                0x000000000000001e       0x34 c:/programs/stm32cubeide/stm32cubeide/plugins/com.st.stm32cube.ide.mcu.externaltools.gnu-tools-for-stm32.10.3-2021.10.win32_1.0.0.202111181127/tools/bin/../lib/gcc/arm-none-eabi/10.3.1/thumb/v7e-m+fp/hard/crtbegin.o
 .ARM.attributes
                0x0000000000000052       0x34 ./Core/Src/gpio.o
 .ARM.attributes
                0x0000000000000086       0x34 ./Core/Src/main.o
 .ARM.attributes
                0x00000000000000ba       0x34 ./Core/Src/ring_buffer.o
 .ARM.attributes
                0x00000000000000ee       0x34 ./Core/Src/stm32f4xx_hal_msp.o
 .ARM.attributes
                0x0000000000000122       0x34 ./Core/Src/stm32f4xx_it.o
 .ARM.attributes
                0x0000000000000156       0x34 ./Core/Src/sysmem.o
 .ARM.attributes
                0x000000000000018a       0x34 ./Core/Src/system_stm32f4xx.o
 .ARM.attributes
                0x00000000000001be       0x34 ./Core/Src/usart.o
 .ARM.attributes
                0x00000000000001f2       0x34 ./Core/Src/utils.o
 .ARM.attributes
                0x0000000000000226       0x21 ./Core/Startup/startup_stm32f427vitx.o
 .ARM.attributes
                0x0000000000000247       0x34 ./Drivers/STM32F4xx_HAL_Driver/Src/stm32f4xx_hal.o
 .ARM.attributes
                0x000000000000027b       0x34 ./Drivers/STM32F4xx_HAL_Driver/Src/stm32f4xx_hal_cortex.o
 .ARM.attributes
                0x00000000000002af       0x34 ./Drivers/STM32F4xx_HAL_Driver/Src/stm32f4xx_hal_dma.o
 .ARM.attributes
                0x00000000000002e3       0x34 ./Drivers/STM32F4xx_HAL_Driver/Src/stm32f4xx_hal_gpio.o
 .ARM.attributes
                0x0000000000000317       0x34 ./Drivers/STM32F4xx_HAL_Driver/Src/stm32f4xx_hal_rcc.o
 .ARM.attributes
                0x000000000000034b       0x34 ./Drivers/STM32F4xx_HAL_Driver/Src/stm32f4xx_hal_uart.o
 .ARM.attributes
                0x000000000000037f       0x34 c:/programs/stm32cubeide/stm32cubeide/plugins/com.st.stm32cube.ide.mcu.externaltools.gnu-tools-for-stm32.10.3-2021.10.win32_1.0.0.202111181127/tools/bin/../lib/gcc/arm-none-eabi/10.3.1/../../../../arm-none-eabi/lib/thumb/v7e-m+fp/hard\libc_nano.a(lib_a-errno.o)
 .ARM.attributes
                0x00000000000003b3       0x34 c:/programs/stm32cubeide/stm32cubeide/plugins/com.st.stm32cube.ide.mcu.externaltools.gnu-tools-for-stm32.10.3-2021.10.win32_1.0.0.202111181127/tools/bin/../lib/gcc/arm-none-eabi/10.3.1/../../../../arm-none-eabi/lib/thumb/v7e-m+fp/hard\libc_nano.a(lib_a-impure.o)
 .ARM.attributes
                0x00000000000003e7       0x34 c:/programs/stm32cubeide/stm32cubeide/plugins/com.st.stm32cube.ide.mcu.externaltools.gnu-tools-for-stm32.10.3-2021.10.win32_1.0.0.202111181127/tools/bin/../lib/gcc/arm-none-eabi/10.3.1/../../../../arm-none-eabi/lib/thumb/v7e-m+fp/hard\libc_nano.a(lib_a-init.o)
 .ARM.attributes
                0x000000000000041b       0x34 c:/programs/stm32cubeide/stm32cubeide/plugins/com.st.stm32cube.ide.mcu.externaltools.gnu-tools-for-stm32.10.3-2021.10.win32_1.0.0.202111181127/tools/bin/../lib/gcc/arm-none-eabi/10.3.1/../../../../arm-none-eabi/lib/thumb/v7e-m+fp/hard\libc_nano.a(lib_a-memcpy-stub.o)
 .ARM.attributes
                0x000000000000044f       0x34 c:/programs/stm32cubeide/stm32cubeide/plugins/com.st.stm32cube.ide.mcu.externaltools.gnu-tools-for-stm32.10.3-2021.10.win32_1.0.0.202111181127/tools/bin/../lib/gcc/arm-none-eabi/10.3.1/../../../../arm-none-eabi/lib/thumb/v7e-m+fp/hard\libc_nano.a(lib_a-memset.o)
 .ARM.attributes
                0x0000000000000483       0x34 c:/programs/stm32cubeide/stm32cubeide/plugins/com.st.stm32cube.ide.mcu.externaltools.gnu-tools-for-stm32.10.3-2021.10.win32_1.0.0.202111181127/tools/bin/../lib/gcc/arm-none-eabi/10.3.1/../../../../arm-none-eabi/lib/thumb/v7e-m+fp/hard\libc_nano.a(lib_a-sscanf.o)
 .ARM.attributes
                0x00000000000004b7       0x34 c:/programs/stm32cubeide/stm32cubeide/plugins/com.st.stm32cube.ide.mcu.externaltools.gnu-tools-for-stm32.10.3-2021.10.win32_1.0.0.202111181127/tools/bin/../lib/gcc/arm-none-eabi/10.3.1/../../../../arm-none-eabi/lib/thumb/v7e-m+fp/hard\libc_nano.a(lib_a-stdio.o)
 .ARM.attributes
                0x00000000000004eb       0x1c c:/programs/stm32cubeide/stm32cubeide/plugins/com.st.stm32cube.ide.mcu.externaltools.gnu-tools-for-stm32.10.3-2021.10.win32_1.0.0.202111181127/tools/bin/../lib/gcc/arm-none-eabi/10.3.1/../../../../arm-none-eabi/lib/thumb/v7e-m+fp/hard\libc_nano.a(lib_a-strcmp.o)
 .ARM.attributes
                0x0000000000000507       0x17 c:/programs/stm32cubeide/stm32cubeide/plugins/com.st.stm32cube.ide.mcu.externaltools.gnu-tools-for-stm32.10.3-2021.10.win32_1.0.0.202111181127/tools/bin/../lib/gcc/arm-none-eabi/10.3.1/../../../../arm-none-eabi/lib/thumb/v7e-m+fp/hard\libc_nano.a(lib_a-strlen.o)
 .ARM.attributes
                0x000000000000051e       0x34 c:/programs/stm32cubeide/stm32cubeide/plugins/com.st.stm32cube.ide.mcu.externaltools.gnu-tools-for-stm32.10.3-2021.10.win32_1.0.0.202111181127/tools/bin/../lib/gcc/arm-none-eabi/10.3.1/../../../../arm-none-eabi/lib/thumb/v7e-m+fp/hard\libc_nano.a(lib_a-strncmp.o)
 .ARM.attributes
                0x0000000000000552       0x34 c:/programs/stm32cubeide/stm32cubeide/plugins/com.st.stm32cube.ide.mcu.externaltools.gnu-tools-for-stm32.10.3-2021.10.win32_1.0.0.202111181127/tools/bin/../lib/gcc/arm-none-eabi/10.3.1/../../../../arm-none-eabi/lib/thumb/v7e-m+fp/hard\libc_nano.a(lib_a-vsnprintf.o)
 .ARM.attributes
                0x0000000000000586       0x34 c:/programs/stm32cubeide/stm32cubeide/plugins/com.st.stm32cube.ide.mcu.externaltools.gnu-tools-for-stm32.10.3-2021.10.win32_1.0.0.202111181127/tools/bin/../lib/gcc/arm-none-eabi/10.3.1/../../../../arm-none-eabi/lib/thumb/v7e-m+fp/hard\libc_nano.a(lib_a-nano-svfprintf.o)
 .ARM.attributes
                0x00000000000005ba       0x34 c:/programs/stm32cubeide/stm32cubeide/plugins/com.st.stm32cube.ide.mcu.externaltools.gnu-tools-for-stm32.10.3-2021.10.win32_1.0.0.202111181127/tools/bin/../lib/gcc/arm-none-eabi/10.3.1/../../../../arm-none-eabi/lib/thumb/v7e-m+fp/hard\libc_nano.a(lib_a-nano-svfscanf.o)
 .ARM.attributes
                0x00000000000005ee       0x34 c:/programs/stm32cubeide/stm32cubeide/plugins/com.st.stm32cube.ide.mcu.externaltools.gnu-tools-for-stm32.10.3-2021.10.win32_1.0.0.202111181127/tools/bin/../lib/gcc/arm-none-eabi/10.3.1/../../../../arm-none-eabi/lib/thumb/v7e-m+fp/hard\libc_nano.a(lib_a-nano-vfprintf_i.o)
 .ARM.attributes
                0x0000000000000622       0x34 c:/programs/stm32cubeide/stm32cubeide/plugins/com.st.stm32cube.ide.mcu.externaltools.gnu-tools-for-stm32.10.3-2021.10.win32_1.0.0.202111181127/tools/bin/../lib/gcc/arm-none-eabi/10.3.1/../../../../arm-none-eabi/lib/thumb/v7e-m+fp/hard\libc_nano.a(lib_a-nano-vfscanf_i.o)
 .ARM.attributes
                0x0000000000000656       0x34 c:/programs/stm32cubeide/stm32cubeide/plugins/com.st.stm32cube.ide.mcu.externaltools.gnu-tools-for-stm32.10.3-2021.10.win32_1.0.0.202111181127/tools/bin/../lib/gcc/arm-none-eabi/10.3.1/../../../../arm-none-eabi/lib/thumb/v7e-m+fp/hard\libc_nano.a(lib_a-reent.o)
 .ARM.attributes
                0x000000000000068a       0x34 c:/programs/stm32cubeide/stm32cubeide/plugins/com.st.stm32cube.ide.mcu.externaltools.gnu-tools-for-stm32.10.3-2021.10.win32_1.0.0.202111181127/tools/bin/../lib/gcc/arm-none-eabi/10.3.1/../../../../arm-none-eabi/lib/thumb/v7e-m+fp/hard\libc_nano.a(lib_a-sccl.o)
 .ARM.attributes
                0x00000000000006be       0x34 c:/programs/stm32cubeide/stm32cubeide/plugins/com.st.stm32cube.ide.mcu.externaltools.gnu-tools-for-stm32.10.3-2021.10.win32_1.0.0.202111181127/tools/bin/../lib/gcc/arm-none-eabi/10.3.1/../../../../arm-none-eabi/lib/thumb/v7e-m+fp/hard\libc_nano.a(lib_a-strtol.o)
 .ARM.attributes
                0x00000000000006f2       0x34 c:/programs/stm32cubeide/stm32cubeide/plugins/com.st.stm32cube.ide.mcu.externaltools.gnu-tools-for-stm32.10.3-2021.10.win32_1.0.0.202111181127/tools/bin/../lib/gcc/arm-none-eabi/10.3.1/../../../../arm-none-eabi/lib/thumb/v7e-m+fp/hard\libc_nano.a(lib_a-strtoul.o)
 .ARM.attributes
                0x0000000000000726       0x34 c:/programs/stm32cubeide/stm32cubeide/plugins/com.st.stm32cube.ide.mcu.externaltools.gnu-tools-for-stm32.10.3-2021.10.win32_1.0.0.202111181127/tools/bin/../lib/gcc/arm-none-eabi/10.3.1/../../../../arm-none-eabi/lib/thumb/v7e-m+fp/hard\libc_nano.a(lib_a-ungetc.o)
 .ARM.attributes
                0x000000000000075a       0x34 c:/programs/stm32cubeide/stm32cubeide/plugins/com.st.stm32cube.ide.mcu.externaltools.gnu-tools-for-stm32.10.3-2021.10.win32_1.0.0.202111181127/tools/bin/../lib/gcc/arm-none-eabi/10.3.1/../../../../arm-none-eabi/lib/thumb/v7e-m+fp/hard\libc_nano.a(lib_a-ctype_.o)
 .ARM.attributes
                0x000000000000078e       0x34 c:/programs/stm32cubeide/stm32cubeide/plugins/com.st.stm32cube.ide.mcu.externaltools.gnu-tools-for-stm32.10.3-2021.10.win32_1.0.0.202111181127/tools/bin/../lib/gcc/arm-none-eabi/10.3.1/../../../../arm-none-eabi/lib/thumb/v7e-m+fp/hard\libc_nano.a(lib_a-findfp.o)
 .ARM.attributes
                0x00000000000007c2       0x34 c:/programs/stm32cubeide/stm32cubeide/plugins/com.st.stm32cube.ide.mcu.externaltools.gnu-tools-for-stm32.10.3-2021.10.win32_1.0.0.202111181127/tools/bin/../lib/gcc/arm-none-eabi/10.3.1/../../../../arm-none-eabi/lib/thumb/v7e-m+fp/hard\libc_nano.a(lib_a-lock.o)
 .ARM.attributes
                0x00000000000007f6       0x1c c:/programs/stm32cubeide/stm32cubeide/plugins/com.st.stm32cube.ide.mcu.externaltools.gnu-tools-for-stm32.10.3-2021.10.win32_1.0.0.202111181127/tools/bin/../lib/gcc/arm-none-eabi/10.3.1/../../../../arm-none-eabi/lib/thumb/v7e-m+fp/hard\libc_nano.a(lib_a-memchr.o)
 .ARM.attributes
                0x0000000000000812       0x34 c:/programs/stm32cubeide/stm32cubeide/plugins/com.st.stm32cube.ide.mcu.externaltools.gnu-tools-for-stm32.10.3-2021.10.win32_1.0.0.202111181127/tools/bin/../lib/gcc/arm-none-eabi/10.3.1/../../../../arm-none-eabi/lib/thumb/v7e-m+fp/hard\libc_nano.a(lib_a-memmove.o)
 .ARM.attributes
                0x0000000000000846       0x34 c:/programs/stm32cubeide/stm32cubeide/plugins/com.st.stm32cube.ide.mcu.externaltools.gnu-tools-for-stm32.10.3-2021.10.win32_1.0.0.202111181127/tools/bin/../lib/gcc/arm-none-eabi/10.3.1/../../../../arm-none-eabi/lib/thumb/v7e-m+fp/hard\libc_nano.a(lib_a-nano-freer.o)
 .ARM.attributes
                0x000000000000087a       0x34 c:/programs/stm32cubeide/stm32cubeide/plugins/com.st.stm32cube.ide.mcu.externaltools.gnu-tools-for-stm32.10.3-2021.10.win32_1.0.0.202111181127/tools/bin/../lib/gcc/arm-none-eabi/10.3.1/../../../../arm-none-eabi/lib/thumb/v7e-m+fp/hard\libc_nano.a(lib_a-nano-mallocr.o)
 .ARM.attributes
                0x00000000000008ae       0x34 c:/programs/stm32cubeide/stm32cubeide/plugins/com.st.stm32cube.ide.mcu.externaltools.gnu-tools-for-stm32.10.3-2021.10.win32_1.0.0.202111181127/tools/bin/../lib/gcc/arm-none-eabi/10.3.1/../../../../arm-none-eabi/lib/thumb/v7e-m+fp/hard\libc_nano.a(lib_a-nano-reallocr.o)
 .ARM.attributes
                0x00000000000008e2       0x34 c:/programs/stm32cubeide/stm32cubeide/plugins/com.st.stm32cube.ide.mcu.externaltools.gnu-tools-for-stm32.10.3-2021.10.win32_1.0.0.202111181127/tools/bin/../lib/gcc/arm-none-eabi/10.3.1/../../../../arm-none-eabi/lib/thumb/v7e-m+fp/hard\libc_nano.a(lib_a-sbrkr.o)
 .ARM.attributes
                0x0000000000000916       0x34 c:/programs/stm32cubeide/stm32cubeide/plugins/com.st.stm32cube.ide.mcu.externaltools.gnu-tools-for-stm32.10.3-2021.10.win32_1.0.0.202111181127/tools/bin/../lib/gcc/arm-none-eabi/10.3.1/../../../../arm-none-eabi/lib/thumb/v7e-m+fp/hard\libc_nano.a(lib_a-mlock.o)
 .ARM.attributes
                0x000000000000094a       0x34 c:/programs/stm32cubeide/stm32cubeide/plugins/com.st.stm32cube.ide.mcu.externaltools.gnu-tools-for-stm32.10.3-2021.10.win32_1.0.0.202111181127/tools/bin/../lib/gcc/arm-none-eabi/10.3.1/../../../../arm-none-eabi/lib/thumb/v7e-m+fp/hard\libc_nano.a(lib_a-nano-msizer.o)
 .ARM.attributes
                0x000000000000097e       0x1e c:/programs/stm32cubeide/stm32cubeide/plugins/com.st.stm32cube.ide.mcu.externaltools.gnu-tools-for-stm32.10.3-2021.10.win32_1.0.0.202111181127/tools/bin/../lib/gcc/arm-none-eabi/10.3.1/thumb/v7e-m+fp/hard\libgcc.a(_aeabi_uldivmod.o)
 .ARM.attributes
                0x000000000000099c       0x34 c:/programs/stm32cubeide/stm32cubeide/plugins/com.st.stm32cube.ide.mcu.externaltools.gnu-tools-for-stm32.10.3-2021.10.win32_1.0.0.202111181127/tools/bin/../lib/gcc/arm-none-eabi/10.3.1/thumb/v7e-m+fp/hard\libgcc.a(_udivmoddi4.o)
 .ARM.attributes
                0x00000000000009d0       0x1e c:/programs/stm32cubeide/stm32cubeide/plugins/com.st.stm32cube.ide.mcu.externaltools.gnu-tools-for-stm32.10.3-2021.10.win32_1.0.0.202111181127/tools/bin/../lib/gcc/arm-none-eabi/10.3.1/thumb/v7e-m+fp/hard\libgcc.a(_dvmd_tls.o)
 .ARM.attributes
                0x00000000000009ee       0x1e c:/programs/stm32cubeide/stm32cubeide/plugins/com.st.stm32cube.ide.mcu.externaltools.gnu-tools-for-stm32.10.3-2021.10.win32_1.0.0.202111181127/tools/bin/../lib/gcc/arm-none-eabi/10.3.1/thumb/v7e-m+fp/hard/crtn.o
OUTPUT(lab1.elf elf32-littlearm)
LOAD linker stubs
LOAD c:/programs/stm32cubeide/stm32cubeide/plugins/com.st.stm32cube.ide.mcu.externaltools.gnu-tools-for-stm32.10.3-2021.10.win32_1.0.0.202111181127/tools/bin/../lib/gcc/arm-none-eabi/10.3.1/../../../../arm-none-eabi/lib/thumb/v7e-m+fp/hard\libc.a
LOAD c:/programs/stm32cubeide/stm32cubeide/plugins/com.st.stm32cube.ide.mcu.externaltools.gnu-tools-for-stm32.10.3-2021.10.win32_1.0.0.202111181127/tools/bin/../lib/gcc/arm-none-eabi/10.3.1/../../../../arm-none-eabi/lib/thumb/v7e-m+fp/hard\libm.a
LOAD c:/programs/stm32cubeide/stm32cubeide/plugins/com.st.stm32cube.ide.mcu.externaltools.gnu-tools-for-stm32.10.3-2021.10.win32_1.0.0.202111181127/tools/bin/../lib/gcc/arm-none-eabi/10.3.1/thumb/v7e-m+fp/hard\libgcc.a

.debug_info     0x0000000000000000     0x9680
 .debug_info    0x0000000000000000      0x48d ./Core/Src/gpio.o
 .debug_info    0x000000000000048d     0x12a3 ./Core/Src/main.o
 .debug_info    0x0000000000001730      0x264 ./Core/Src/ring_buffer.o
 .debug_info    0x0000000000001994      0x2c4 ./Core/Src/stm32f4xx_hal_msp.o
 .debug_info    0x0000000000001c58      0x121 ./Core/Src/stm32f4xx_it.o
 .debug_info    0x0000000000001d79      0x171 ./Core/Src/sysmem.o
 .debug_info    0x0000000000001eea      0x53f ./Core/Src/system_stm32f4xx.o
 .debug_info    0x0000000000002429      0x9bc ./Core/Src/usart.o
 .debug_info    0x0000000000002de5      0x439 ./Core/Src/utils.o
 .debug_info    0x000000000000321e       0x22 ./Core/Startup/startup_stm32f427vitx.o
 .debug_info    0x0000000000003240      0x9e8 ./Drivers/STM32F4xx_HAL_Driver/Src/stm32f4xx_hal.o
 .debug_info    0x0000000000003c28      0xe45 ./Drivers/STM32F4xx_HAL_Driver/Src/stm32f4xx_hal_cortex.o
 .debug_info    0x0000000000004a6d      0x94f ./Drivers/STM32F4xx_HAL_Driver/Src/stm32f4xx_hal_dma.o
 .debug_info    0x00000000000053bc      0x786 ./Drivers/STM32F4xx_HAL_Driver/Src/stm32f4xx_hal_gpio.o
 .debug_info    0x0000000000005b42      0x982 ./Drivers/STM32F4xx_HAL_Driver/Src/stm32f4xx_hal_rcc.o
 .debug_info    0x00000000000064c4     0x31bc ./Drivers/STM32F4xx_HAL_Driver/Src/stm32f4xx_hal_uart.o

.debug_abbrev   0x0000000000000000     0x1bee
 .debug_abbrev  0x0000000000000000      0x146 ./Core/Src/gpio.o
 .debug_abbrev  0x0000000000000146      0x372 ./Core/Src/main.o
 .debug_abbrev  0x00000000000004b8      0x160 ./Core/Src/ring_buffer.o
 .debug_abbrev  0x0000000000000618       0xd4 ./Core/Src/stm32f4xx_hal_msp.o
 .debug_abbrev  0x00000000000006ec       0x74 ./Core/Src/stm32f4xx_it.o
 .debug_abbrev  0x0000000000000760       0xbb ./Core/Src/sysmem.o
 .debug_abbrev  0x000000000000081b      0x116 ./Core/Src/system_stm32f4xx.o
 .debug_abbrev  0x0000000000000931      0x1e7 ./Core/Src/usart.o
 .debug_abbrev  0x0000000000000b18      0x1e4 ./Core/Src/utils.o
 .debug_abbrev  0x0000000000000cfc       0x12 ./Core/Startup/startup_stm32f427vitx.o
 .debug_abbrev  0x0000000000000d0e      0x20d ./Drivers/STM32F4xx_HAL_Driver/Src/stm32f4xx_hal.o
 .debug_abbrev  0x0000000000000f1b      0x316 ./Drivers/STM32F4xx_HAL_Driver/Src/stm32f4xx_hal_cortex.o
 .debug_abbrev  0x0000000000001231      0x25b ./Drivers/STM32F4xx_HAL_Driver/Src/stm32f4xx_hal_dma.o
 .debug_abbrev  0x000000000000148c      0x1c4 ./Drivers/STM32F4xx_HAL_Driver/Src/stm32f4xx_hal_gpio.o
 .debug_abbrev  0x0000000000001650      0x2aa ./Drivers/STM32F4xx_HAL_Driver/Src/stm32f4xx_hal_rcc.o
 .debug_abbrev  0x00000000000018fa      0x2f4 ./Drivers/STM32F4xx_HAL_Driver/Src/stm32f4xx_hal_uart.o

.debug_aranges  0x0000000000000000      0x838
 .debug_aranges
                0x0000000000000000       0x20 ./Core/Src/gpio.o
 .debug_aranges
                0x0000000000000020       0xb8 ./Core/Src/main.o
 .debug_aranges
                0x00000000000000d8       0x48 ./Core/Src/ring_buffer.o
 .debug_aranges
                0x0000000000000120       0x20 ./Core/Src/stm32f4xx_hal_msp.o
 .debug_aranges
                0x0000000000000140       0x60 ./Core/Src/stm32f4xx_it.o
 .debug_aranges
                0x00000000000001a0       0x20 ./Core/Src/sysmem.o
 .debug_aranges
                0x00000000000001c0       0x28 ./Core/Src/system_stm32f4xx.o
 .debug_aranges
                0x00000000000001e8       0x30 ./Core/Src/usart.o
 .debug_aranges
                0x0000000000000218       0x70 ./Core/Src/utils.o
 .debug_aranges
                0x0000000000000288       0x28 ./Core/Startup/startup_stm32f427vitx.o
 .debug_aranges
                0x00000000000002b0      0x100 ./Drivers/STM32F4xx_HAL_Driver/Src/stm32f4xx_hal.o
 .debug_aranges
                0x00000000000003b0      0x118 ./Drivers/STM32F4xx_HAL_Driver/Src/stm32f4xx_hal_cortex.o
 .debug_aranges
                0x00000000000004c8       0x90 ./Drivers/STM32F4xx_HAL_Driver/Src/stm32f4xx_hal_dma.o
 .debug_aranges
                0x0000000000000558       0x58 ./Drivers/STM32F4xx_HAL_Driver/Src/stm32f4xx_hal_gpio.o
 .debug_aranges
                0x00000000000005b0       0x88 ./Drivers/STM32F4xx_HAL_Driver/Src/stm32f4xx_hal_rcc.o
 .debug_aranges
                0x0000000000000638      0x200 ./Drivers/STM32F4xx_HAL_Driver/Src/stm32f4xx_hal_uart.o

.debug_ranges   0x0000000000000000      0x770
 .debug_ranges  0x0000000000000000       0x10 ./Core/Src/gpio.o
 .debug_ranges  0x0000000000000010       0xa8 ./Core/Src/main.o
 .debug_ranges  0x00000000000000b8       0x38 ./Core/Src/ring_buffer.o
 .debug_ranges  0x00000000000000f0       0x10 ./Core/Src/stm32f4xx_hal_msp.o
 .debug_ranges  0x0000000000000100       0x50 ./Core/Src/stm32f4xx_it.o
 .debug_ranges  0x0000000000000150       0x10 ./Core/Src/sysmem.o
 .debug_ranges  0x0000000000000160       0x18 ./Core/Src/system_stm32f4xx.o
 .debug_ranges  0x0000000000000178       0x20 ./Core/Src/usart.o
 .debug_ranges  0x0000000000000198       0x60 ./Core/Src/utils.o
 .debug_ranges  0x00000000000001f8       0x20 ./Core/Startup/startup_stm32f427vitx.o
 .debug_ranges  0x0000000000000218       0xf0 ./Drivers/STM32F4xx_HAL_Driver/Src/stm32f4xx_hal.o
 .debug_ranges  0x0000000000000308      0x108 ./Drivers/STM32F4xx_HAL_Driver/Src/stm32f4xx_hal_cortex.o
 .debug_ranges  0x0000000000000410       0x80 ./Drivers/STM32F4xx_HAL_Driver/Src/stm32f4xx_hal_dma.o
 .debug_ranges  0x0000000000000490       0x48 ./Drivers/STM32F4xx_HAL_Driver/Src/stm32f4xx_hal_gpio.o
 .debug_ranges  0x00000000000004d8       0x78 ./Drivers/STM32F4xx_HAL_Driver/Src/stm32f4xx_hal_rcc.o
 .debug_ranges  0x0000000000000550      0x220 ./Drivers/STM32F4xx_HAL_Driver/Src/stm32f4xx_hal_uart.o

.debug_macro    0x0000000000000000    0x22dc0
 .debug_macro   0x0000000000000000      0x1ce ./Core/Src/gpio.o
 .debug_macro   0x00000000000001ce      0xa78 ./Core/Src/gpio.o
 .debug_macro   0x0000000000000c46      0x295 ./Core/Src/gpio.o
 .debug_macro   0x0000000000000edb       0x2e ./Core/Src/gpio.o
 .debug_macro   0x0000000000000f09       0x28 ./Core/Src/gpio.o
 .debug_macro   0x0000000000000f31       0x22 ./Core/Src/gpio.o
 .debug_macro   0x0000000000000f53       0x8e ./Core/Src/gpio.o
 .debug_macro   0x0000000000000fe1       0x51 ./Core/Src/gpio.o
 .debug_macro   0x0000000000001032      0x103 ./Core/Src/gpio.o
 .debug_macro   0x0000000000001135       0x6a ./Core/Src/gpio.o
 .debug_macro   0x000000000000119f      0x1df ./Core/Src/gpio.o
 .debug_macro   0x000000000000137e       0x1c ./Core/Src/gpio.o
 .debug_macro   0x000000000000139a       0x22 ./Core/Src/gpio.o
 .debug_macro   0x00000000000013bc       0xd9 ./Core/Src/gpio.o
 .debug_macro   0x0000000000001495     0x102d ./Core/Src/gpio.o
 .debug_macro   0x00000000000024c2      0x11f ./Core/Src/gpio.o
 .debug_macro   0x00000000000025e1    0x178a0 ./Core/Src/gpio.o
 .debug_macro   0x0000000000019e81       0x6d ./Core/Src/gpio.o
 .debug_macro   0x0000000000019eee     0x36f5 ./Core/Src/gpio.o
 .debug_macro   0x000000000001d5e3      0x174 ./Core/Src/gpio.o
 .debug_macro   0x000000000001d757       0x5c ./Core/Src/gpio.o
 .debug_macro   0x000000000001d7b3      0xc6d ./Core/Src/gpio.o
 .debug_macro   0x000000000001e420      0x9fe ./Core/Src/gpio.o
 .debug_macro   0x000000000001ee1e      0x115 ./Core/Src/gpio.o
 .debug_macro   0x000000000001ef33      0x16f ./Core/Src/gpio.o
 .debug_macro   0x000000000001f0a2       0xa5 ./Core/Src/gpio.o
 .debug_macro   0x000000000001f147      0x182 ./Core/Src/gpio.o
 .debug_macro   0x000000000001f2c9      0x287 ./Core/Src/gpio.o
 .debug_macro   0x000000000001f550       0x5f ./Core/Src/gpio.o
 .debug_macro   0x000000000001f5af      0x236 ./Core/Src/gpio.o
 .debug_macro   0x000000000001f7e5      0x132 ./Core/Src/gpio.o
 .debug_macro   0x000000000001f917      0x41d ./Core/Src/gpio.o
 .debug_macro   0x000000000001fd34       0x2e ./Core/Src/gpio.o
 .debug_macro   0x000000000001fd62      0x11a ./Core/Src/gpio.o
 .debug_macro   0x000000000001fe7c       0xe2 ./Core/Src/gpio.o
 .debug_macro   0x000000000001ff5e       0x89 ./Core/Src/gpio.o
 .debug_macro   0x000000000001ffe7      0x295 ./Core/Src/gpio.o
 .debug_macro   0x000000000002027c      0x134 ./Core/Src/gpio.o
 .debug_macro   0x00000000000203b0      0x3a4 ./Core/Src/main.o
 .debug_macro   0x0000000000020754       0x22 ./Core/Src/main.o
 .debug_macro   0x0000000000020776       0x1c ./Core/Src/main.o
 .debug_macro   0x0000000000020792       0x10 ./Core/Src/main.o
 .debug_macro   0x00000000000207a2       0x52 ./Core/Src/main.o
 .debug_macro   0x00000000000207f4       0x1e ./Core/Src/main.o
 .debug_macro   0x0000000000020812       0x3c ./Core/Src/main.o
 .debug_macro   0x000000000002084e       0x34 ./Core/Src/main.o
 .debug_macro   0x0000000000020882       0x16 ./Core/Src/main.o
 .debug_macro   0x0000000000020898       0x43 ./Core/Src/main.o
 .debug_macro   0x00000000000208db       0x34 ./Core/Src/main.o
 .debug_macro   0x000000000002090f       0x10 ./Core/Src/main.o
 .debug_macro   0x000000000002091f       0x58 ./Core/Src/main.o
 .debug_macro   0x0000000000020977       0x71 ./Core/Src/main.o
 .debug_macro   0x00000000000209e8       0x1c ./Core/Src/main.o
 .debug_macro   0x0000000000020a04      0x12a ./Core/Src/main.o
 .debug_macro   0x0000000000020b2e      0x341 ./Core/Src/main.o
 .debug_macro   0x0000000000020e6f       0x10 ./Core/Src/main.o
 .debug_macro   0x0000000000020e7f       0x35 ./Core/Src/main.o
 .debug_macro   0x0000000000020eb4       0x20 ./Core/Src/main.o
 .debug_macro   0x0000000000020ed4      0x11f ./Core/Src/main.o
 .debug_macro   0x0000000000020ff3       0x1c ./Core/Src/main.o
 .debug_macro   0x000000000002100f       0x10 ./Core/Src/main.o
 .debug_macro   0x000000000002101f       0x10 ./Core/Src/main.o
 .debug_macro   0x000000000002102f       0x1c ./Core/Src/main.o
 .debug_macro   0x000000000002104b       0x52 ./Core/Src/main.o
 .debug_macro   0x000000000002109d       0x22 ./Core/Src/main.o
 .debug_macro   0x00000000000210bf       0x10 ./Core/Src/main.o
 .debug_macro   0x00000000000210cf       0x52 ./Core/Src/main.o
 .debug_macro   0x0000000000021121       0xd5 ./Core/Src/main.o
 .debug_macro   0x00000000000211f6       0x1c ./Core/Src/main.o
 .debug_macro   0x0000000000021212       0x3d ./Core/Src/main.o
 .debug_macro   0x000000000002124f       0x16 ./Core/Src/main.o
 .debug_macro   0x0000000000021265      0x145 ./Core/Src/main.o
 .debug_macro   0x00000000000213aa       0x4c ./Core/Src/main.o
 .debug_macro   0x00000000000213f6      0x2b2 ./Core/Src/ring_buffer.o
 .debug_macro   0x00000000000216a8      0x1c4 ./Core/Src/stm32f4xx_hal_msp.o
 .debug_macro   0x000000000002186c      0x1ce ./Core/Src/stm32f4xx_it.o
 .debug_macro   0x0000000000021a3a       0xff ./Core/Src/sysmem.o
 .debug_macro   0x0000000000021b39      0x23b ./Core/Src/sysmem.o
 .debug_macro   0x0000000000021d74      0x1ba ./Core/Src/system_stm32f4xx.o
 .debug_macro   0x0000000000021f2e      0x1ce ./Core/Src/usart.o
 .debug_macro   0x00000000000220fc      0x1d7 ./Core/Src/utils.o
 .debug_macro   0x00000000000222d3      0x21a ./Drivers/STM32F4xx_HAL_Driver/Src/stm32f4xx_hal.o
 .debug_macro   0x00000000000224ed      0x1ba ./Drivers/STM32F4xx_HAL_Driver/Src/stm32f4xx_hal_cortex.o
 .debug_macro   0x00000000000226a7      0x1c0 ./Drivers/STM32F4xx_HAL_Driver/Src/stm32f4xx_hal_dma.o
 .debug_macro   0x0000000000022867      0x1c0 ./Drivers/STM32F4xx_HAL_Driver/Src/stm32f4xx_hal_gpio.o
 .debug_macro   0x0000000000022a27      0x1de ./Drivers/STM32F4xx_HAL_Driver/Src/stm32f4xx_hal_rcc.o
 .debug_macro   0x0000000000022c05      0x1bb ./Drivers/STM32F4xx_HAL_Driver/Src/stm32f4xx_hal_uart.o

.debug_line     0x0000000000000000     0xac95
 .debug_line    0x0000000000000000      0x6a0 ./Core/Src/gpio.o
 .debug_line    0x00000000000006a0      0xd62 ./Core/Src/main.o
 .debug_line    0x0000000000001402      0x90c ./Core/Src/ring_buffer.o
 .debug_line    0x0000000000001d0e      0x686 ./Core/Src/stm32f4xx_hal_msp.o
 .debug_line    0x0000000000002394      0x749 ./Core/Src/stm32f4xx_it.o
 .debug_line    0x0000000000002add      0x4e5 ./Core/Src/sysmem.o
 .debug_line    0x0000000000002fc2      0x708 ./Core/Src/system_stm32f4xx.o
 .debug_line    0x00000000000036ca      0x6f0 ./Core/Src/usart.o
 .debug_line    0x0000000000003dba      0x7bb ./Core/Src/utils.o
 .debug_line    0x0000000000004575       0x88 ./Core/Startup/startup_stm32f427vitx.o
 .debug_line    0x00000000000045fd      0x9a4 ./Drivers/STM32F4xx_HAL_Driver/Src/stm32f4xx_hal.o
 .debug_line    0x0000000000004fa1      0xc1d ./Drivers/STM32F4xx_HAL_Driver/Src/stm32f4xx_hal_cortex.o
 .debug_line    0x0000000000005bbe      0xed2 ./Drivers/STM32F4xx_HAL_Driver/Src/stm32f4xx_hal_dma.o
 .debug_line    0x0000000000006a90      0xb0a ./Drivers/STM32F4xx_HAL_Driver/Src/stm32f4xx_hal_gpio.o
 .debug_line    0x000000000000759a      0xce8 ./Drivers/STM32F4xx_HAL_Driver/Src/stm32f4xx_hal_rcc.o
 .debug_line    0x0000000000008282     0x2a13 ./Drivers/STM32F4xx_HAL_Driver/Src/stm32f4xx_hal_uart.o

.debug_str      0x0000000000000000    0xd03fe
 .debug_str     0x0000000000000000    0xc8f6f ./Core/Src/gpio.o
                                      0xc91f3 (size before relaxing)
 .debug_str     0x00000000000c8f6f     0x51c0 ./Core/Src/main.o
                                      0xce3c4 (size before relaxing)
 .debug_str     0x00000000000ce12f       0x6b ./Core/Src/ring_buffer.o
                                      0xcbf20 (size before relaxing)
 .debug_str     0x00000000000ce19a       0x2c ./Core/Src/stm32f4xx_hal_msp.o
                                      0xc9128 (size before relaxing)
 .debug_str     0x00000000000ce1c6       0xc9 ./Core/Src/stm32f4xx_it.o
                                      0xc909b (size before relaxing)
 .debug_str     0x00000000000ce28f      0x4da ./Core/Src/sysmem.o
                                       0x5dab (size before relaxing)
 .debug_str     0x00000000000ce769       0xdb ./Core/Src/system_stm32f4xx.o
                                      0xc91d8 (size before relaxing)
 .debug_str     0x00000000000ce844       0x61 ./Core/Src/usart.o
                                      0xc9688 (size before relaxing)
 .debug_str     0x00000000000ce8a5       0x9e ./Core/Src/utils.o
                                      0xc91f7 (size before relaxing)
 .debug_str     0x00000000000ce943       0x36 ./Core/Startup/startup_stm32f427vitx.o
                                         0x6d (size before relaxing)
 .debug_str     0x00000000000ce979      0xb83 ./Drivers/STM32F4xx_HAL_Driver/Src/stm32f4xx_hal.o
                                      0xc9de4 (size before relaxing)
 .debug_str     0x00000000000cf4fc      0x354 ./Drivers/STM32F4xx_HAL_Driver/Src/stm32f4xx_hal_cortex.o
                                      0xc9ac9 (size before relaxing)
 .debug_str     0x00000000000cf850      0x320 ./Drivers/STM32F4xx_HAL_Driver/Src/stm32f4xx_hal_dma.o
                                      0xc95df (size before relaxing)
 .debug_str     0x00000000000cfb70       0xfd ./Drivers/STM32F4xx_HAL_Driver/Src/stm32f4xx_hal_gpio.o
                                      0xc9353 (size before relaxing)
 .debug_str     0x00000000000cfc6d      0x233 ./Drivers/STM32F4xx_HAL_Driver/Src/stm32f4xx_hal_rcc.o
                                      0xc960c (size before relaxing)
 .debug_str     0x00000000000cfea0      0x55e ./Drivers/STM32F4xx_HAL_Driver/Src/stm32f4xx_hal_uart.o
                                      0xc9b98 (size before relaxing)

.comment        0x0000000000000000       0x50
 .comment       0x0000000000000000       0x50 ./Core/Src/gpio.o
                                         0x51 (size before relaxing)
 .comment       0x0000000000000050       0x51 ./Core/Src/main.o
 .comment       0x0000000000000050       0x51 ./Core/Src/ring_buffer.o
 .comment       0x0000000000000050       0x51 ./Core/Src/stm32f4xx_hal_msp.o
 .comment       0x0000000000000050       0x51 ./Core/Src/stm32f4xx_it.o
 .comment       0x0000000000000050       0x51 ./Core/Src/sysmem.o
 .comment       0x0000000000000050       0x51 ./Core/Src/system_stm32f4xx.o
 .comment       0x0000000000000050       0x51 ./Core/Src/usart.o
 .comment       0x0000000000000050       0x51 ./Core/Src/utils.o
 .comment       0x0000000000000050       0x51 ./Drivers/STM32F4xx_HAL_Driver/Src/stm32f4xx_hal.o
 .comment       0x0000000000000050       0x51 ./Drivers/STM32F4xx_HAL_Driver/Src/stm32f4xx_hal_cortex.o
 .comment       0x0000000000000050       0x51 ./Drivers/STM32F4xx_HAL_Driver/Src/stm32f4xx_hal_dma.o
 .comment       0x0000000000000050       0x51 ./Drivers/STM32F4xx_HAL_Driver/Src/stm32f4xx_hal_gpio.o
 .comment       0x0000000000000050       0x51 ./Drivers/STM32F4xx_HAL_Driver/Src/stm32f4xx_hal_rcc.o
 .comment       0x0000000000000050       0x51 ./Drivers/STM32F4xx_HAL_Driver/Src/stm32f4xx_hal_uart.o

.debug_frame    0x0000000000000000     0x2844
 .debug_frame   0x0000000000000000       0x34 ./Core/Src/gpio.o
 .debug_frame   0x0000000000000034      0x2f0 ./Core/Src/main.o
 .debug_frame   0x0000000000000324       0xec ./Core/Src/ring_buffer.o
 .debug_frame   0x0000000000000410       0x38 ./Core/Src/stm32f4xx_hal_msp.o
 .debug_frame   0x0000000000000448      0x104 ./Core/Src/stm32f4xx_it.o
 .debug_frame   0x000000000000054c       0x34 ./Core/Src/sysmem.o
 .debug_frame   0x0000000000000580       0x58 ./Core/Src/system_stm32f4xx.o
 .debug_frame   0x00000000000005d8       0x74 ./Core/Src/usart.o
 .debug_frame   0x000000000000064c      0x194 ./Core/Src/utils.o
 .debug_frame   0x00000000000007e0      0x3b4 ./Drivers/STM32F4xx_HAL_Driver/Src/stm32f4xx_hal.o
 .debug_frame   0x0000000000000b94      0x498 ./Drivers/STM32F4xx_HAL_Driver/Src/stm32f4xx_hal_cortex.o
 .debug_frame   0x000000000000102c      0x250 ./Drivers/STM32F4xx_HAL_Driver/Src/stm32f4xx_hal_dma.o
 .debug_frame   0x000000000000127c      0x14c ./Drivers/STM32F4xx_HAL_Driver/Src/stm32f4xx_hal_gpio.o
 .debug_frame   0x00000000000013c8      0x1f4 ./Drivers/STM32F4xx_HAL_Driver/Src/stm32f4xx_hal_rcc.o
 .debug_frame   0x00000000000015bc      0x92c ./Drivers/STM32F4xx_HAL_Driver/Src/stm32f4xx_hal_uart.o
 .debug_frame   0x0000000000001ee8       0x20 c:/programs/stm32cubeide/stm32cubeide/plugins/com.st.stm32cube.ide.mcu.externaltools.gnu-tools-for-stm32.10.3-2021.10.win32_1.0.0.202111181127/tools/bin/../lib/gcc/arm-none-eabi/10.3.1/../../../../arm-none-eabi/lib/thumb/v7e-m+fp/hard\libc_nano.a(lib_a-errno.o)
 .debug_frame   0x0000000000001f08       0x2c c:/programs/stm32cubeide/stm32cubeide/plugins/com.st.stm32cube.ide.mcu.externaltools.gnu-tools-for-stm32.10.3-2021.10.win32_1.0.0.202111181127/tools/bin/../lib/gcc/arm-none-eabi/10.3.1/../../../../arm-none-eabi/lib/thumb/v7e-m+fp/hard\libc_nano.a(lib_a-init.o)
 .debug_frame   0x0000000000001f34       0x28 c:/programs/stm32cubeide/stm32cubeide/plugins/com.st.stm32cube.ide.mcu.externaltools.gnu-tools-for-stm32.10.3-2021.10.win32_1.0.0.202111181127/tools/bin/../lib/gcc/arm-none-eabi/10.3.1/../../../../arm-none-eabi/lib/thumb/v7e-m+fp/hard\libc_nano.a(lib_a-memcpy-stub.o)
 .debug_frame   0x0000000000001f5c       0x20 c:/programs/stm32cubeide/stm32cubeide/plugins/com.st.stm32cube.ide.mcu.externaltools.gnu-tools-for-stm32.10.3-2021.10.win32_1.0.0.202111181127/tools/bin/../lib/gcc/arm-none-eabi/10.3.1/../../../../arm-none-eabi/lib/thumb/v7e-m+fp/hard\libc_nano.a(lib_a-memset.o)
 .debug_frame   0x0000000000001f7c       0x78 c:/programs/stm32cubeide/stm32cubeide/plugins/com.st.stm32cube.ide.mcu.externaltools.gnu-tools-for-stm32.10.3-2021.10.win32_1.0.0.202111181127/tools/bin/../lib/gcc/arm-none-eabi/10.3.1/../../../../arm-none-eabi/lib/thumb/v7e-m+fp/hard\libc_nano.a(lib_a-sscanf.o)