../Core/Src/main.c:92:5:parse_mode	24	static
../Core/Src/main.c:122:6:clear_cmd	16	static
../Core/Src/main.c:130:6:handle_data	8	static
../Core/Src/main.c:163:5:add_mode	80	static
../Core/Src/main.c:188:5:handle_delay_input	8	static
../Core/Src/main.c:196:6:execute_command	24	static
../Core/Src/main.c:264:6:activate_mode	32	static
../Core/Src/main.c:308:6:print	16	static
../Core/Src/main.c:322:5:main	16	static
../Core/Src/main.c:377:6:SystemClock_Config	88	static
../Core/Src/main.c:433:6:Error_Handler	4	static
