../Core/Src/main.c:102:5:parse_mode	24	static
../Core/Src/main.c:132:6:clear_cmd	16	static
../Core/Src/main.c:140:6:handle_data	8	static
../Core/Src/main.c:173:5:add_mode	80	static
../Core/Src/main.c:198:5:handle_delay_input	8	static
../Core/Src/main.c:215:6:execute_command	56	dynamic
../Core/Src/main.c:283:6:activate_mode	32	static
../Core/Src/main.c:325:6:print	16	static
../Core/Src/main.c:339:5:main	16	static
../Core/Src/main.c:391:6:SystemClock_Config	88	static
../Core/Src/main.c:447:6:Error_Handler	4	static
