../Core/Src/main.c:91:5:parse_mode	24	static
../Core/Src/main.c:121:6:clean_cmd	16	static
../Core/Src/main.c:131:6:handle_data	8	static
../Core/Src/main.c:154:5:add_mode	32	static
../Core/Src/main.c:174:5:handle_delay_input	8	static
../Core/Src/main.c:182:6:execute_command	24	static
../Core/Src/main.c:250:6:activate_mode	32	static
../Core/Src/main.c:294:6:print	16	static
../Core/Src/main.c:308:5:main	8	static
../Core/Src/main.c:361:6:SystemClock_Config	88	static
../Core/Src/main.c:417:6:Error_Handler	4	static
