../Core/Src/main.c:98:5:parse_mode	24	static
../Core/Src/main.c:129:6:clear_cmd	16	static
../Core/Src/main.c:137:6:handle_data	8	static
../Core/Src/main.c:170:6:add_mode	80	static
../Core/Src/main.c:193:5:handle_delay_input	8	static
../Core/Src/main.c:210:6:execute_command	56	dynamic
../Core/Src/main.c:280:6:GarlandMode_run	24	static
../Core/Src/main.c:316:6:print	16	static
../Core/Src/main.c:330:5:main	16	static
../Core/Src/main.c:385:6:SystemClock_Config	88	static
../Core/Src/main.c:430:6:Error_Handler	4	static
