../Core/Src/main.c:90:5:parse_mode	24	static
../Core/Src/main.c:120:6:clean_cmd	16	static
../Core/Src/main.c:130:6:handle_data	8	static
../Core/Src/main.c:153:5:add_mode	32	static
../Core/Src/main.c:173:5:handle_delay_input	8	static
../Core/Src/main.c:181:6:execute_command	24	static
../Core/Src/main.c:249:6:activate_mode	32	static
../Core/Src/main.c:293:6:print	16	static
../Core/Src/main.c:307:5:main	16	static
../Core/Src/main.c:362:6:SystemClock_Config	88	static
../Core/Src/main.c:418:6:Error_Handler	4	static
