../Core/Src/main.c:100:5:parse_mode	24	static
../Core/Src/main.c:131:6:clear_cmd	16	static
../Core/Src/main.c:139:6:handle_data	8	static
../Core/Src/main.c:172:6:add_mode	80	static
../Core/Src/main.c:195:5:handle_delay_input	8	static
../Core/Src/main.c:212:6:execute_command	56	dynamic
../Core/Src/main.c:283:6:GarlandMode_run	24	static
../Core/Src/main.c:323:6:print	16	static
../Core/Src/main.c:337:5:main	16	static
../Core/Src/main.c:397:6:SystemClock_Config	88	static
../Core/Src/main.c:442:6:Error_Handler	4	static
