../Core/Src/main.c:96:5:parse_mode	24	static
../Core/Src/main.c:126:6:clear_cmd	16	static
../Core/Src/main.c:134:6:handle_data	8	static
../Core/Src/main.c:167:5:add_mode	80	static
../Core/Src/main.c:192:5:handle_delay_input	8	static
../Core/Src/main.c:209:6:execute_command	56	dynamic
../Core/Src/main.c:277:6:activate_mode	32	static
../Core/Src/main.c:321:6:print	16	static
../Core/Src/main.c:335:5:main	16	static
../Core/Src/main.c:390:6:SystemClock_Config	88	static
../Core/Src/main.c:446:6:Error_Handler	4	static
