../Core/Src/main.c:228:6:transmit_async	16	static
../Core/Src/main.c:233:6:transmit	16	static
../Core/Src/main.c:237:6:print	16	static
../Core/Src/main.c:245:6:println	16	static
../Core/Src/main.c:250:6:print_format	16	static
../Core/Src/main.c:259:6:set_active_mode	16	static
../Core/Src/main.c:269:6:handle_set_command	16	static
../Core/Src/main.c:281:6:handle_new_command	24	static
../Core/Src/main.c:313:6:handle_new_command_timeout	16	static
../Core/Src/main.c:349:6:handle_command_line	56	static
../Core/Src/main.c:387:6:receive_char_async	8	static
../Core/Src/main.c:391:6:receive_char	16	static
../Core/Src/main.c:401:6:delete_char_from_buffer	16	static
../Core/Src/main.c:408:6:clear_buffer	8	static
../Core/Src/main.c:412:6:readln	56	static
../Core/Src/main.c:453:6:HAL_UART_RxCpltCallback	16	static
../Core/Src/main.c:457:6:HAL_UART_TxCpltCallback	16	static
../Core/Src/main.c:467:5:main	24	static
../Core/Src/main.c:540:6:SystemClock_Config	88	static
../Core/Src/main.c:583:6:Error_Handler	4	static
