../Core/Src/main.c:92:5:parse_mode	24	static
../Core/Src/main.c:122:6:clear_cmd	16	static
../Core/Src/main.c:130:6:handle_data	8	static
../Core/Src/main.c:163:5:add_mode	32	static
../Core/Src/main.c:186:5:handle_delay_input	8	static
../Core/Src/main.c:194:6:execute_command	24	static
../Core/Src/main.c:262:6:activate_mode	32	static
../Core/Src/main.c:306:6:print	16	static
../Core/Src/main.c:320:5:main	16	static
../Core/Src/main.c:375:6:SystemClock_Config	88	static
../Core/Src/main.c:431:6:Error_Handler	4	static
