../Core/Src/main.c:91:5:parse_mode	24	static
../Core/Src/main.c:118:6:clean_cmd	16	static
../Core/Src/main.c:127:6:handle_data	8	static
../Core/Src/main.c:149:5:add_mode	32	static
../Core/Src/main.c:163:5:handle_delay_input	8	static
../Core/Src/main.c:171:6:execute_command	24	static
../Core/Src/main.c:213:6:activate_mode	32	static
../Core/Src/main.c:246:6:print	16	static
../Core/Src/main.c:258:5:main	8	static
../Core/Src/main.c:310:6:SystemClock_Config	88	static
../Core/Src/main.c:366:6:Error_Handler	4	static
