../Core/Src/main.c:102:5:parse_mode	24	static
../Core/Src/main.c:133:6:clear_cmd	16	static
../Core/Src/main.c:141:6:handle_data	8	static
../Core/Src/main.c:174:5:add_mode	80	static
../Core/Src/main.c:199:5:handle_delay_input	8	static
../Core/Src/main.c:216:6:execute_command	56	dynamic
../Core/Src/main.c:286:6:GarlandMode_run	24	static
../Core/Src/main.c:322:6:print	16	static
../Core/Src/main.c:336:5:main	16	static
../Core/Src/main.c:392:6:SystemClock_Config	88	static
../Core/Src/main.c:448:6:Error_Handler	4	static
