../Core/Src/main.c:227:6:transmit_async	16	static
../Core/Src/main.c:232:6:transmit	16	static
../Core/Src/main.c:236:6:print	16	static
../Core/Src/main.c:244:6:println	16	static
../Core/Src/main.c:249:6:print_format	16	static
../Core/Src/main.c:258:6:set_active_mode	16	static
../Core/Src/main.c:268:6:handle_set_command	16	static
../Core/Src/main.c:280:6:handle_new_command	24	static
../Core/Src/main.c:315:6:handle_new_command_timeout	16	static
../Core/Src/main.c:361:6:handle_command_line	16	static
../Core/Src/main.c:399:6:receive_char_async	8	static
../Core/Src/main.c:407:6:receive_char	16	static
../Core/Src/main.c:418:6:delete_char_from_buffer	16	static
../Core/Src/main.c:425:6:clear_buffer	8	static
../Core/Src/main.c:429:6:readln	16	static
../Core/Src/main.c:470:6:HAL_UART_RxCpltCallback	16	static
../Core/Src/main.c:474:6:HAL_UART_TxCpltCallback	16	static
../Core/Src/main.c:484:5:main	24	static
../Core/Src/main.c:555:6:SystemClock_Config	88	static
../Core/Src/main.c:600:6:Error_Handler	4	static
